Component: ARM Compiler 5.06 update 6 (build 750) Tool: armlink [4d35ed]

==============================================================================

Section Cross References

    main.o(i.main) refers to _printf_pad.o(.text) for _printf_pre_padding
    main.o(i.main) refers to _printf_percent.o(.ARM.Collect$$_printf_percent$$00000000) for _printf_percent
    main.o(i.main) refers to _printf_u.o(.ARM.Collect$$_printf_percent$$0000000A) for _printf_u
    main.o(i.main) refers to _printf_dec.o(.text) for _printf_int_dec
    main.o(i.main) refers to hardwareinit.o(i.HW_Init) for HW_Init
    main.o(i.main) refers to hardwareinit.o(i.HW_SetDateTime) for HW_SetDateTime
    main.o(i.main) refers to delay_rit.o(i.Delay_RIT_ms) for Delay_RIT_ms
    main.o(i.main) refers to lpc17xx_rtc.o(i.RTC_GetFullTime) for RTC_GetFullTime
    main.o(i.main) refers to __2sprintf.o(.text) for __2sprintf
    main.o(i.main) refers to lpc17xx_uart.o(i.UART_Send) for UART_Send
    delay_rit.o(i.Delay_RIT_Init) refers to lpc17xx_rit.o(i.RIT_Init) for RIT_Init
    delay_rit.o(i.Delay_RIT_ms) refers to lpc17xx_rit.o(i.RIT_TimerConfig) for RIT_TimerConfig
    delay_rit.o(i.Delay_RIT_ms) refers to lpc17xx_rit.o(i.RIT_Cmd) for RIT_Cmd
    delay_rit.o(i.Delay_RIT_ms) refers to delay_rit.o(.data) for ritFlag
    delay_rit.o(i.RIT_IRQHandler) refers to lpc17xx_rit.o(i.RIT_GetIntStatus) for RIT_GetIntStatus
    delay_rit.o(i.RIT_IRQHandler) refers to delay_rit.o(.data) for ritFlag
    hardwareinit.o(i.HW_Init) refers to lpc17xx_pinsel.o(i.PINSEL_ConfigPin) for PINSEL_ConfigPin
    hardwareinit.o(i.HW_Init) refers to delay_rit.o(i.Delay_RIT_Init) for Delay_RIT_Init
    hardwareinit.o(i.HW_Init) refers to lpc17xx_uart.o(i.UART_Init) for UART_Init
    hardwareinit.o(i.HW_Init) refers to lpc17xx_uart.o(i.UART_TxCmd) for UART_TxCmd
    hardwareinit.o(i.HW_Init) refers to lpc17xx_rtc.o(i.RTC_Init) for RTC_Init
    hardwareinit.o(i.HW_Init) refers to lpc17xx_rtc.o(i.RTC_ResetClockTickCounter) for RTC_ResetClockTickCounter
    hardwareinit.o(i.HW_Init) refers to lpc17xx_rtc.o(i.RTC_Cmd) for RTC_Cmd
    hardwareinit.o(i.HW_Init) refers to lpc17xx_rtc.o(i.RTC_CalibCounterCmd) for RTC_CalibCounterCmd
    hardwareinit.o(i.HW_SetDateTime) refers to lpc17xx_rtc.o(i.RTC_SetTime) for RTC_SetTime
    lpc17xx_clkpwr.o(i.CLKPWR_GetPCLK) refers to lpc17xx_clkpwr.o(i.CLKPWR_GetPCLKSEL) for CLKPWR_GetPCLKSEL
    lpc17xx_clkpwr.o(i.CLKPWR_GetPCLK) refers to system_lpc17xx.o(.data) for SystemCoreClock
    lpc17xx_gpio.o(i.FIO_ByteClearValue) refers to lpc17xx_gpio.o(i.FIO_ByteGetPointer) for FIO_ByteGetPointer
    lpc17xx_gpio.o(i.FIO_ByteReadValue) refers to lpc17xx_gpio.o(i.FIO_ByteGetPointer) for FIO_ByteGetPointer
    lpc17xx_gpio.o(i.FIO_ByteSetDir) refers to lpc17xx_gpio.o(i.FIO_ByteGetPointer) for FIO_ByteGetPointer
    lpc17xx_gpio.o(i.FIO_ByteSetMask) refers to lpc17xx_gpio.o(i.FIO_ByteGetPointer) for FIO_ByteGetPointer
    lpc17xx_gpio.o(i.FIO_ByteSetValue) refers to lpc17xx_gpio.o(i.FIO_ByteGetPointer) for FIO_ByteGetPointer
    lpc17xx_gpio.o(i.FIO_ClearInt) refers to lpc17xx_gpio.o(i.GPIO_ClearInt) for GPIO_ClearInt
    lpc17xx_gpio.o(i.FIO_ClearValue) refers to lpc17xx_gpio.o(i.GPIO_ClearValue) for GPIO_ClearValue
    lpc17xx_gpio.o(i.FIO_GetIntStatus) refers to lpc17xx_gpio.o(i.GPIO_GetIntStatus) for GPIO_GetIntStatus
    lpc17xx_gpio.o(i.FIO_HalfWordClearValue) refers to lpc17xx_gpio.o(i.FIO_HalfWordGetPointer) for FIO_HalfWordGetPointer
    lpc17xx_gpio.o(i.FIO_HalfWordReadValue) refers to lpc17xx_gpio.o(i.FIO_HalfWordGetPointer) for FIO_HalfWordGetPointer
    lpc17xx_gpio.o(i.FIO_HalfWordSetDir) refers to lpc17xx_gpio.o(i.FIO_HalfWordGetPointer) for FIO_HalfWordGetPointer
    lpc17xx_gpio.o(i.FIO_HalfWordSetMask) refers to lpc17xx_gpio.o(i.FIO_HalfWordGetPointer) for FIO_HalfWordGetPointer
    lpc17xx_gpio.o(i.FIO_HalfWordSetValue) refers to lpc17xx_gpio.o(i.FIO_HalfWordGetPointer) for FIO_HalfWordGetPointer
    lpc17xx_gpio.o(i.FIO_IntCmd) refers to lpc17xx_gpio.o(i.GPIO_IntCmd) for GPIO_IntCmd
    lpc17xx_gpio.o(i.FIO_ReadValue) refers to lpc17xx_gpio.o(i.GPIO_ReadValue) for GPIO_ReadValue
    lpc17xx_gpio.o(i.FIO_SetDir) refers to lpc17xx_gpio.o(i.GPIO_SetDir) for GPIO_SetDir
    lpc17xx_gpio.o(i.FIO_SetMask) refers to lpc17xx_gpio.o(i.GPIO_GetPointer) for GPIO_GetPointer
    lpc17xx_gpio.o(i.FIO_SetValue) refers to lpc17xx_gpio.o(i.GPIO_SetValue) for GPIO_SetValue
    lpc17xx_gpio.o(i.GPIO_ClearValue) refers to lpc17xx_gpio.o(i.GPIO_GetPointer) for GPIO_GetPointer
    lpc17xx_gpio.o(i.GPIO_ReadValue) refers to lpc17xx_gpio.o(i.GPIO_GetPointer) for GPIO_GetPointer
    lpc17xx_gpio.o(i.GPIO_SetDir) refers to lpc17xx_gpio.o(i.GPIO_GetPointer) for GPIO_GetPointer
    lpc17xx_gpio.o(i.GPIO_SetValue) refers to lpc17xx_gpio.o(i.GPIO_GetPointer) for GPIO_GetPointer
    lpc17xx_pinsel.o(i.PINSEL_ConfigPin) refers to lpc17xx_pinsel.o(i.set_PinFunc) for set_PinFunc
    lpc17xx_pinsel.o(i.PINSEL_ConfigPin) refers to lpc17xx_pinsel.o(i.set_ResistorMode) for set_ResistorMode
    lpc17xx_pinsel.o(i.PINSEL_ConfigPin) refers to lpc17xx_pinsel.o(i.set_OpenDrainMode) for set_OpenDrainMode
    lpc17xx_rtc.o(i.RTC_DeInit) refers to lpc17xx_clkpwr.o(i.CLKPWR_ConfigPPWR) for CLKPWR_ConfigPPWR
    lpc17xx_rtc.o(i.RTC_Init) refers to lpc17xx_clkpwr.o(i.CLKPWR_ConfigPPWR) for CLKPWR_ConfigPPWR
    lpc17xx_rit.o(i.RIT_DeInit) refers to lpc17xx_clkpwr.o(i.CLKPWR_ConfigPPWR) for CLKPWR_ConfigPPWR
    lpc17xx_rit.o(i.RIT_Init) refers to lpc17xx_clkpwr.o(i.CLKPWR_ConfigPPWR) for CLKPWR_ConfigPPWR
    lpc17xx_rit.o(i.RIT_TimerConfig) refers to lpc17xx_clkpwr.o(i.CLKPWR_GetPCLK) for CLKPWR_GetPCLK
    lpc17xx_uart.o(i.UART_DeInit) refers to lpc17xx_uart.o(i.UART_TxCmd) for UART_TxCmd
    lpc17xx_uart.o(i.UART_DeInit) refers to lpc17xx_clkpwr.o(i.CLKPWR_ConfigPPWR) for CLKPWR_ConfigPPWR
    lpc17xx_uart.o(i.UART_Init) refers to lpc17xx_clkpwr.o(i.CLKPWR_ConfigPPWR) for CLKPWR_ConfigPPWR
    lpc17xx_uart.o(i.UART_Init) refers to lpc17xx_uart.o(i.uart_set_divisors) for uart_set_divisors
    lpc17xx_uart.o(i.UART_RS485Send) refers to lpc17xx_uart.o(i.UART_Send) for UART_Send
    lpc17xx_uart.o(i.UART_RS485SendData) refers to lpc17xx_uart.o(i.UART_RS485Send) for UART_RS485Send
    lpc17xx_uart.o(i.UART_RS485SendSlvAddr) refers to lpc17xx_uart.o(i.UART_RS485Send) for UART_RS485Send
    lpc17xx_uart.o(i.UART_Receive) refers to lpc17xx_uart.o(i.UART_ReceiveByte) for UART_ReceiveByte
    lpc17xx_uart.o(i.UART_Send) refers to lpc17xx_uart.o(i.UART_SendByte) for UART_SendByte
    lpc17xx_uart.o(i.uart_set_divisors) refers to lpc17xx_clkpwr.o(i.CLKPWR_GetPCLK) for CLKPWR_GetPCLK
    lpc17xx_uart.o(i.uart_set_divisors) refers to lludivv7m.o(.text) for __aeabi_uldivmod
    startup_lpc17xx.o(STACK) refers (Special) to heapauxi.o(.text) for __use_two_region_memory
    startup_lpc17xx.o(HEAP) refers (Special) to heapauxi.o(.text) for __use_two_region_memory
    startup_lpc17xx.o(RESET) refers (Special) to heapauxi.o(.text) for __use_two_region_memory
    startup_lpc17xx.o(RESET) refers to startup_lpc17xx.o(STACK) for __initial_sp
    startup_lpc17xx.o(RESET) refers to startup_lpc17xx.o(.text) for Reset_Handler
    startup_lpc17xx.o(RESET) refers to delay_rit.o(i.RIT_IRQHandler) for RIT_IRQHandler
    startup_lpc17xx.o(.ARM.__at_0x02FC) refers (Special) to heapauxi.o(.text) for __use_two_region_memory
    startup_lpc17xx.o(.text) refers (Special) to heapauxi.o(.text) for __use_two_region_memory
    startup_lpc17xx.o(.text) refers to system_lpc17xx.o(i.SystemInit) for SystemInit
    startup_lpc17xx.o(.text) refers to __main.o(!!!main) for __main
    startup_lpc17xx.o(.text) refers to startup_lpc17xx.o(HEAP) for Heap_Mem
    startup_lpc17xx.o(.text) refers to startup_lpc17xx.o(STACK) for Stack_Mem
    system_lpc17xx.o(i.SystemCoreClockUpdate) refers to lludivv7m.o(.text) for __aeabi_uldivmod
    system_lpc17xx.o(i.SystemCoreClockUpdate) refers to system_lpc17xx.o(.data) for SystemCoreClock
    __2sprintf.o(.text) refers to _printf_char_common.o(.text) for _printf_char_common
    __2sprintf.o(.text) refers to _sputc.o(.text) for _sputc
    noretval__2sprintf.o(.text) refers to _printf_char_common.o(.text) for _printf_char_common
    noretval__2sprintf.o(.text) refers to _sputc.o(.text) for _sputc
    __printf.o(.text) refers to _printf_percent.o(.ARM.Collect$$_printf_percent$$00000000) for _printf_percent
    _printf_dec.o(.text) refers to _printf_intcommon.o(.text) for _printf_int_common
    __printf_flags.o(.text) refers to _printf_percent.o(.ARM.Collect$$_printf_percent$$00000000) for _printf_percent
    __printf_flags.o(.text) refers to __printf_flags.o(.constdata) for .constdata
    __printf_ss.o(.text) refers to _printf_percent.o(.ARM.Collect$$_printf_percent$$00000000) for _printf_percent
    __printf_flags_ss.o(.text) refers to _printf_percent.o(.ARM.Collect$$_printf_percent$$00000000) for _printf_percent
    __printf_flags_ss.o(.text) refers to __printf_flags_ss.o(.constdata) for .constdata
    __printf_wp.o(.text) refers to __printf_wp.o(i._is_digit) for _is_digit
    __printf_wp.o(.text) refers to _printf_percent.o(.ARM.Collect$$_printf_percent$$00000000) for _printf_percent
    __printf_flags_wp.o(.text) refers to __printf_wp.o(i._is_digit) for _is_digit
    __printf_flags_wp.o(.text) refers to _printf_percent.o(.ARM.Collect$$_printf_percent$$00000000) for _printf_percent
    __printf_flags_wp.o(.text) refers to __printf_flags_wp.o(.constdata) for .constdata
    __printf_ss_wp.o(.text) refers to __printf_wp.o(i._is_digit) for _is_digit
    __printf_ss_wp.o(.text) refers to _printf_percent.o(.ARM.Collect$$_printf_percent$$00000000) for _printf_percent
    __printf_flags_ss_wp.o(.text) refers to __printf_wp.o(i._is_digit) for _is_digit
    __printf_flags_ss_wp.o(.text) refers to _printf_percent.o(.ARM.Collect$$_printf_percent$$00000000) for _printf_percent
    __printf_flags_ss_wp.o(.text) refers to __printf_flags_ss_wp.o(.constdata) for .constdata
    _printf_u.o(.ARM.Collect$$_printf_percent$$0000000A) refers (Weak) to _printf_dec.o(.text) for _printf_int_dec
    _printf_percent.o(.ARM.Collect$$_printf_percent$$00000000) refers (Special) to _printf_percent_end.o(.ARM.Collect$$_printf_percent$$00000017) for _printf_percent_end
    __main.o(!!!main) refers to __rtentry.o(.ARM.Collect$$rtentry$$00000000) for __rt_entry
    __rtentry.o(.ARM.Collect$$rtentry$$00000000) refers (Special) to __rtentry2.o(.ARM.Collect$$rtentry$$0000000A) for __rt_entry_li
    __rtentry.o(.ARM.Collect$$rtentry$$00000000) refers (Special) to __rtentry2.o(.ARM.Collect$$rtentry$$0000000D) for __rt_entry_main
    __rtentry.o(.ARM.Collect$$rtentry$$00000000) refers (Special) to __rtentry2.o(.ARM.Collect$$rtentry$$0000000C) for __rt_entry_postli_1
    __rtentry.o(.ARM.Collect$$rtentry$$00000000) refers (Special) to __rtentry2.o(.ARM.Collect$$rtentry$$00000009) for __rt_entry_postsh_1
    __rtentry.o(.ARM.Collect$$rtentry$$00000000) refers (Special) to __rtentry2.o(.ARM.Collect$$rtentry$$00000002) for __rt_entry_presh_1
    __rtentry.o(.ARM.Collect$$rtentry$$00000000) refers (Special) to __rtentry4.o(.ARM.Collect$$rtentry$$00000004) for __rt_entry_sh
    aeabi_ldiv0_sigfpe.o(.text) refers to rt_div0.o(.text) for __rt_div0
    _printf_intcommon.o(.text) refers (Weak) to _printf_pad.o(.text) for _printf_pre_padding
    _printf_intcommon.o(.text) refers (Weak) to _printf_pad.o(.text) for _printf_pre_padding
    _printf_intcommon.o(.text) refers (Weak) to _printf_pad.o(.text) for _printf_post_padding
    _printf_char_common.o(.text) refers to __printf_flags_wp.o(.text) for __printf
    __rtentry2.o(.ARM.Collect$$rtentry$$00000008) refers to boardinit2.o(.text) for _platform_post_stackheap_init
    __rtentry2.o(.ARM.Collect$$rtentry$$0000000A) refers to libinit.o(.ARM.Collect$$libinit$$00000000) for __rt_lib_init
    __rtentry2.o(.ARM.Collect$$rtentry$$0000000B) refers to boardinit3.o(.text) for _platform_post_lib_init
    __rtentry2.o(.ARM.Collect$$rtentry$$0000000D) refers to main.o(i.main) for main
    __rtentry2.o(.ARM.Collect$$rtentry$$0000000D) refers to exit.o(.text) for exit
    __rtentry2.o(.ARM.exidx) refers to __rtentry2.o(.ARM.Collect$$rtentry$$00000001) for .ARM.Collect$$rtentry$$00000001
    __rtentry2.o(.ARM.exidx) refers to __rtentry2.o(.ARM.Collect$$rtentry$$00000008) for .ARM.Collect$$rtentry$$00000008
    __rtentry2.o(.ARM.exidx) refers to __rtentry2.o(.ARM.Collect$$rtentry$$0000000A) for .ARM.Collect$$rtentry$$0000000A
    __rtentry2.o(.ARM.exidx) refers to __rtentry2.o(.ARM.Collect$$rtentry$$0000000B) for .ARM.Collect$$rtentry$$0000000B
    __rtentry2.o(.ARM.exidx) refers to __rtentry2.o(.ARM.Collect$$rtentry$$0000000D) for .ARM.Collect$$rtentry$$0000000D
    __rtentry4.o(.ARM.Collect$$rtentry$$00000004) refers to sys_stackheap_outer.o(.text) for __user_setup_stackheap
    __rtentry4.o(.ARM.exidx) refers to __rtentry4.o(.ARM.Collect$$rtentry$$00000004) for .ARM.Collect$$rtentry$$00000004
    rt_div0.o(.text) refers to defsig_fpe_outer.o(.text) for __rt_SIGFPE
    sys_stackheap_outer.o(.text) refers to libspace.o(.text) for __user_perproc_libspace
    sys_stackheap_outer.o(.text) refers to startup_lpc17xx.o(.text) for __user_initial_stackheap
    exit.o(.text) refers to rtexit.o(.ARM.Collect$$rtexit$$00000000) for __rt_exit
    defsig_fpe_outer.o(.text) refers to defsig_fpe_inner.o(.text) for __rt_SIGFPE_inner
    defsig_fpe_outer.o(.text) refers to defsig_exit.o(.text) for __sig_exit
    defsig_fpe_formal.o(.text) refers to rt_raise.o(.text) for __rt_raise
    libinit.o(.ARM.Collect$$libinit$$00000000) refers (Special) to libinit2.o(.ARM.Collect$$libinit$$0000002E) for __rt_lib_init_alloca_1
    libinit.o(.ARM.Collect$$libinit$$00000000) refers (Special) to libinit2.o(.ARM.Collect$$libinit$$0000002C) for __rt_lib_init_argv_1
    libinit.o(.ARM.Collect$$libinit$$00000000) refers (Special) to libinit2.o(.ARM.Collect$$libinit$$0000001B) for __rt_lib_init_atexit_1
    libinit.o(.ARM.Collect$$libinit$$00000000) refers (Special) to libinit2.o(.ARM.Collect$$libinit$$00000021) for __rt_lib_init_clock_1
    libinit.o(.ARM.Collect$$libinit$$00000000) refers (Special) to libinit2.o(.ARM.Collect$$libinit$$00000032) for __rt_lib_init_cpp_1
    libinit.o(.ARM.Collect$$libinit$$00000000) refers (Special) to libinit2.o(.ARM.Collect$$libinit$$00000030) for __rt_lib_init_exceptions_1
    libinit.o(.ARM.Collect$$libinit$$00000000) refers (Special) to libinit2.o(.ARM.Collect$$libinit$$00000002) for __rt_lib_init_fp_1
    libinit.o(.ARM.Collect$$libinit$$00000000) refers (Special) to libinit2.o(.ARM.Collect$$libinit$$0000001F) for __rt_lib_init_fp_trap_1
    libinit.o(.ARM.Collect$$libinit$$00000000) refers (Special) to libinit2.o(.ARM.Collect$$libinit$$00000023) for __rt_lib_init_getenv_1
    libinit.o(.ARM.Collect$$libinit$$00000000) refers (Special) to libinit2.o(.ARM.Collect$$libinit$$0000000A) for __rt_lib_init_heap_1
    libinit.o(.ARM.Collect$$libinit$$00000000) refers (Special) to libinit2.o(.ARM.Collect$$libinit$$00000011) for __rt_lib_init_lc_collate_1
    libinit.o(.ARM.Collect$$libinit$$00000000) refers (Special) to libinit2.o(.ARM.Collect$$libinit$$00000013) for __rt_lib_init_lc_ctype_1
    libinit.o(.ARM.Collect$$libinit$$00000000) refers (Special) to libinit2.o(.ARM.Collect$$libinit$$00000015) for __rt_lib_init_lc_monetary_1
    libinit.o(.ARM.Collect$$libinit$$00000000) refers (Special) to libinit2.o(.ARM.Collect$$libinit$$00000017) for __rt_lib_init_lc_numeric_1
    libinit.o(.ARM.Collect$$libinit$$00000000) refers (Special) to libinit2.o(.ARM.Collect$$libinit$$00000019) for __rt_lib_init_lc_time_1
    libinit.o(.ARM.Collect$$libinit$$00000000) refers (Special) to libinit2.o(.ARM.Collect$$libinit$$00000004) for __rt_lib_init_preinit_1
    libinit.o(.ARM.Collect$$libinit$$00000000) refers (Special) to libinit2.o(.ARM.Collect$$libinit$$0000000E) for __rt_lib_init_rand_1
    libinit.o(.ARM.Collect$$libinit$$00000000) refers (Special) to libinit2.o(.ARM.Collect$$libinit$$00000033) for __rt_lib_init_return
    libinit.o(.ARM.Collect$$libinit$$00000000) refers (Special) to libinit2.o(.ARM.Collect$$libinit$$0000001D) for __rt_lib_init_signal_1
    libinit.o(.ARM.Collect$$libinit$$00000000) refers (Special) to libinit2.o(.ARM.Collect$$libinit$$00000025) for __rt_lib_init_stdio_1
    libinit.o(.ARM.Collect$$libinit$$00000000) refers (Special) to libinit2.o(.ARM.Collect$$libinit$$0000000C) for __rt_lib_init_user_alloc_1
    libspace.o(.text) refers to libspace.o(.bss) for __libspace_start
    rtexit.o(.ARM.Collect$$rtexit$$00000000) refers (Special) to rtexit2.o(.ARM.Collect$$rtexit$$00000004) for __rt_exit_exit
    rtexit.o(.ARM.Collect$$rtexit$$00000000) refers (Special) to rtexit2.o(.ARM.Collect$$rtexit$$00000003) for __rt_exit_ls
    rtexit.o(.ARM.Collect$$rtexit$$00000000) refers (Special) to rtexit2.o(.ARM.Collect$$rtexit$$00000002) for __rt_exit_prels_1
    rtexit.o(.ARM.exidx) refers (Special) to rtexit2.o(.ARM.Collect$$rtexit$$00000004) for __rt_exit_exit
    rtexit.o(.ARM.exidx) refers (Special) to rtexit2.o(.ARM.Collect$$rtexit$$00000003) for __rt_exit_ls
    rtexit.o(.ARM.exidx) refers (Special) to rtexit2.o(.ARM.Collect$$rtexit$$00000002) for __rt_exit_prels_1
    rtexit.o(.ARM.exidx) refers to rtexit.o(.ARM.Collect$$rtexit$$00000000) for .ARM.Collect$$rtexit$$00000000
    rt_raise.o(.text) refers to __raise.o(.text) for __raise
    rt_raise.o(.text) refers to sys_exit.o(.text) for _sys_exit
    defsig_exit.o(.text) refers to sys_exit.o(.text) for _sys_exit
    defsig_fpe_inner.o(.text) refers to defsig_general.o(.text) for __default_signal_display
    libinit2.o(.ARM.Collect$$libinit$$00000010) refers to libinit2.o(.ARM.Collect$$libinit$$0000000F) for .ARM.Collect$$libinit$$0000000F
    libinit2.o(.ARM.Collect$$libinit$$00000012) refers to libinit2.o(.ARM.Collect$$libinit$$0000000F) for .ARM.Collect$$libinit$$0000000F
    libinit2.o(.ARM.Collect$$libinit$$00000014) refers to libinit2.o(.ARM.Collect$$libinit$$0000000F) for .ARM.Collect$$libinit$$0000000F
    libinit2.o(.ARM.Collect$$libinit$$00000016) refers to libinit2.o(.ARM.Collect$$libinit$$0000000F) for .ARM.Collect$$libinit$$0000000F
    libinit2.o(.ARM.Collect$$libinit$$00000018) refers to libinit2.o(.ARM.Collect$$libinit$$0000000F) for .ARM.Collect$$libinit$$0000000F
    libinit2.o(.ARM.Collect$$libinit$$00000026) refers to argv_veneer.o(.emb_text) for __ARM_argv_veneer
    libinit2.o(.ARM.Collect$$libinit$$00000027) refers to argv_veneer.o(.emb_text) for __ARM_argv_veneer
    sys_exit.o(.text) refers (Special) to use_no_semi.o(.text) for __I$use$semihosting
    sys_exit.o(.text) refers (Special) to indicate_semi.o(.text) for __semihosting_library_function
    rtexit2.o(.ARM.Collect$$rtexit$$00000003) refers to libshutdown.o(.ARM.Collect$$libshutdown$$00000000) for __rt_lib_shutdown
    rtexit2.o(.ARM.Collect$$rtexit$$00000004) refers to sys_exit.o(.text) for _sys_exit
    rtexit2.o(.ARM.exidx) refers to rtexit2.o(.ARM.Collect$$rtexit$$00000001) for .ARM.Collect$$rtexit$$00000001
    rtexit2.o(.ARM.exidx) refers to rtexit2.o(.ARM.Collect$$rtexit$$00000003) for .ARM.Collect$$rtexit$$00000003
    rtexit2.o(.ARM.exidx) refers to rtexit2.o(.ARM.Collect$$rtexit$$00000004) for .ARM.Collect$$rtexit$$00000004
    __raise.o(.text) refers to defsig.o(CL$$defsig) for __default_signal_handler
    defsig_general.o(.text) refers to sys_wrch.o(.text) for _ttywrch
    argv_veneer.o(.emb_text) refers to no_argv.o(.text) for __ARM_get_argv
    sys_wrch.o(.text) refers (Special) to use_no_semi.o(.text) for __I$use$semihosting
    sys_wrch.o(.text) refers (Special) to indicate_semi.o(.text) for __semihosting_library_function
    defsig.o(CL$$defsig) refers to defsig_fpe_inner.o(.text) for __rt_SIGFPE_inner
    defsig.o(CL$$defsig) refers to defsig_rtmem_inner.o(.text) for __rt_SIGRTMEM_inner
    _get_argv_nomalloc.o(.text) refers (Special) to hrguard.o(.text) for __heap_region$guard
    _get_argv_nomalloc.o(.text) refers to defsig_rtmem_outer.o(.text) for __rt_SIGRTMEM
    _get_argv_nomalloc.o(.text) refers to sys_command.o(.text) for _sys_command_string
    libshutdown.o(.ARM.Collect$$libshutdown$$00000000) refers (Special) to libshutdown2.o(.ARM.Collect$$libshutdown$$00000002) for __rt_lib_shutdown_cpp_1
    libshutdown.o(.ARM.Collect$$libshutdown$$00000000) refers (Special) to libshutdown2.o(.ARM.Collect$$libshutdown$$00000007) for __rt_lib_shutdown_fp_trap_1
    libshutdown.o(.ARM.Collect$$libshutdown$$00000000) refers (Special) to libshutdown2.o(.ARM.Collect$$libshutdown$$0000000F) for __rt_lib_shutdown_heap_1
    libshutdown.o(.ARM.Collect$$libshutdown$$00000000) refers (Special) to libshutdown2.o(.ARM.Collect$$libshutdown$$00000010) for __rt_lib_shutdown_return
    libshutdown.o(.ARM.Collect$$libshutdown$$00000000) refers (Special) to libshutdown2.o(.ARM.Collect$$libshutdown$$0000000A) for __rt_lib_shutdown_signal_1
    libshutdown.o(.ARM.Collect$$libshutdown$$00000000) refers (Special) to libshutdown2.o(.ARM.Collect$$libshutdown$$00000004) for __rt_lib_shutdown_stdio_1
    libshutdown.o(.ARM.Collect$$libshutdown$$00000000) refers (Special) to libshutdown2.o(.ARM.Collect$$libshutdown$$0000000C) for __rt_lib_shutdown_user_alloc_1
    sys_command.o(.text) refers (Special) to use_no_semi.o(.text) for __I$use$semihosting
    sys_command.o(.text) refers (Special) to indicate_semi.o(.text) for __semihosting_library_function
    defsig_abrt_inner.o(.text) refers to defsig_general.o(.text) for __default_signal_display
    defsig_rtred_inner.o(.text) refers to defsig_general.o(.text) for __default_signal_display
    defsig_rtmem_inner.o(.text) refers to defsig_general.o(.text) for __default_signal_display
    defsig_rtmem_outer.o(.text) refers to defsig_rtmem_inner.o(.text) for __rt_SIGRTMEM_inner
    defsig_rtmem_outer.o(.text) refers to defsig_exit.o(.text) for __sig_exit
    defsig_rtmem_formal.o(.text) refers to rt_raise.o(.text) for __rt_raise
    defsig_stak_inner.o(.text) refers to defsig_general.o(.text) for __default_signal_display
    defsig_pvfn_inner.o(.text) refers to defsig_general.o(.text) for __default_signal_display
    defsig_cppl_inner.o(.text) refers to defsig_general.o(.text) for __default_signal_display
    defsig_segv_inner.o(.text) refers to defsig_general.o(.text) for __default_signal_display
    defsig_other.o(.text) refers to defsig_general.o(.text) for __default_signal_display


==============================================================================

Removing Unused input sections from the image.

    Removing main.o(.rev16_text), (4 bytes).
    Removing main.o(.revsh_text), (4 bytes).
    Removing main.o(.rrx_text), (6 bytes).
    Removing delay_rit.o(.rev16_text), (4 bytes).
    Removing delay_rit.o(.revsh_text), (4 bytes).
    Removing delay_rit.o(.rrx_text), (6 bytes).
    Removing hardwareinit.o(.rev16_text), (4 bytes).
    Removing hardwareinit.o(.revsh_text), (4 bytes).
    Removing hardwareinit.o(.rrx_text), (6 bytes).
    Removing lpc17xx_clkpwr.o(.rev16_text), (4 bytes).
    Removing lpc17xx_clkpwr.o(.revsh_text), (4 bytes).
    Removing lpc17xx_clkpwr.o(.rrx_text), (6 bytes).
    Removing lpc17xx_clkpwr.o(i.CLKPWR_DeepPowerDown), (24 bytes).
    Removing lpc17xx_clkpwr.o(i.CLKPWR_DeepSleep), (24 bytes).
    Removing lpc17xx_clkpwr.o(i.CLKPWR_PowerDown), (24 bytes).
    Removing lpc17xx_clkpwr.o(i.CLKPWR_SetPCLKDiv), (104 bytes).
    Removing lpc17xx_clkpwr.o(i.CLKPWR_Sleep), (16 bytes).
    Removing lpc17xx_gpio.o(.rev16_text), (4 bytes).
    Removing lpc17xx_gpio.o(.revsh_text), (4 bytes).
    Removing lpc17xx_gpio.o(.rrx_text), (6 bytes).
    Removing lpc17xx_gpio.o(i.FIO_ByteClearValue), (34 bytes).
    Removing lpc17xx_gpio.o(i.FIO_ByteGetPointer), (56 bytes).
    Removing lpc17xx_gpio.o(i.FIO_ByteReadValue), (32 bytes).
    Removing lpc17xx_gpio.o(i.FIO_ByteSetDir), (50 bytes).
    Removing lpc17xx_gpio.o(i.FIO_ByteSetMask), (66 bytes).
    Removing lpc17xx_gpio.o(i.FIO_ByteSetValue), (34 bytes).
    Removing lpc17xx_gpio.o(i.FIO_ClearInt), (16 bytes).
    Removing lpc17xx_gpio.o(i.FIO_ClearValue), (16 bytes).
    Removing lpc17xx_gpio.o(i.FIO_GetIntStatus), (20 bytes).
    Removing lpc17xx_gpio.o(i.FIO_HalfWordClearValue), (32 bytes).
    Removing lpc17xx_gpio.o(i.FIO_HalfWordGetPointer), (56 bytes).
    Removing lpc17xx_gpio.o(i.FIO_HalfWordReadValue), (30 bytes).
    Removing lpc17xx_gpio.o(i.FIO_HalfWordSetDir), (62 bytes).
    Removing lpc17xx_gpio.o(i.FIO_HalfWordSetMask), (62 bytes).
    Removing lpc17xx_gpio.o(i.FIO_HalfWordSetValue), (32 bytes).
    Removing lpc17xx_gpio.o(i.FIO_IntCmd), (20 bytes).
    Removing lpc17xx_gpio.o(i.FIO_ReadValue), (12 bytes).
    Removing lpc17xx_gpio.o(i.FIO_SetDir), (20 bytes).
    Removing lpc17xx_gpio.o(i.FIO_SetMask), (40 bytes).
    Removing lpc17xx_gpio.o(i.FIO_SetValue), (16 bytes).
    Removing lpc17xx_gpio.o(i.GPIO_ClearInt), (32 bytes).
    Removing lpc17xx_gpio.o(i.GPIO_ClearValue), (20 bytes).
    Removing lpc17xx_gpio.o(i.GPIO_GetIntStatus), (88 bytes).
    Removing lpc17xx_gpio.o(i.GPIO_GetPointer), (56 bytes).
    Removing lpc17xx_gpio.o(i.GPIO_IntCmd), (64 bytes).
    Removing lpc17xx_gpio.o(i.GPIO_ReadValue), (22 bytes).
    Removing lpc17xx_gpio.o(i.GPIO_SetDir), (40 bytes).
    Removing lpc17xx_gpio.o(i.GPIO_SetValue), (20 bytes).
    Removing lpc17xx_nvic.o(.rev16_text), (4 bytes).
    Removing lpc17xx_nvic.o(.revsh_text), (4 bytes).
    Removing lpc17xx_nvic.o(.rrx_text), (6 bytes).
    Removing lpc17xx_nvic.o(i.NVIC_DeInit), (68 bytes).
    Removing lpc17xx_nvic.o(i.NVIC_SCBDeInit), (84 bytes).
    Removing lpc17xx_nvic.o(i.NVIC_SetVTOR), (12 bytes).
    Removing lpc17xx_pinsel.o(.rev16_text), (4 bytes).
    Removing lpc17xx_pinsel.o(.revsh_text), (4 bytes).
    Removing lpc17xx_pinsel.o(.rrx_text), (6 bytes).
    Removing lpc17xx_pinsel.o(i.PINSEL_ConfigTraceFunc), (40 bytes).
    Removing lpc17xx_pinsel.o(i.PINSEL_SetI2C0Pins), (20 bytes).
    Removing lpc17xx_rtc.o(.rev16_text), (4 bytes).
    Removing lpc17xx_rtc.o(.revsh_text), (4 bytes).
    Removing lpc17xx_rtc.o(.rrx_text), (6 bytes).
    Removing lpc17xx_rtc.o(i.RTC_AlarmIntConfig), (202 bytes).
    Removing lpc17xx_rtc.o(i.RTC_CalibConfig), (22 bytes).
    Removing lpc17xx_rtc.o(i.RTC_ClearIntPending), (8 bytes).
    Removing lpc17xx_rtc.o(i.RTC_CntIncrIntConfig), (202 bytes).
    Removing lpc17xx_rtc.o(i.RTC_DeInit), (20 bytes).
    Removing lpc17xx_rtc.o(i.RTC_GetAlarmTime), (102 bytes).
    Removing lpc17xx_rtc.o(i.RTC_GetFullAlarmTime), (70 bytes).
    Removing lpc17xx_rtc.o(i.RTC_GetIntPending), (16 bytes).
    Removing lpc17xx_rtc.o(i.RTC_GetTime), (98 bytes).
    Removing lpc17xx_rtc.o(i.RTC_ReadGPREG), (16 bytes).
    Removing lpc17xx_rtc.o(i.RTC_SetAlarmTime), (100 bytes).
    Removing lpc17xx_rtc.o(i.RTC_SetFullAlarmTime), (70 bytes).
    Removing lpc17xx_rtc.o(i.RTC_SetFullTime), (70 bytes).
    Removing lpc17xx_rtc.o(i.RTC_WriteGPREG), (14 bytes).
    Removing lpc17xx_rit.o(.rev16_text), (4 bytes).
    Removing lpc17xx_rit.o(.revsh_text), (4 bytes).
    Removing lpc17xx_rit.o(.rrx_text), (6 bytes).
    Removing lpc17xx_rit.o(i.RIT_DeInit), (34 bytes).
    Removing lpc17xx_rit.o(i.RIT_TimerDebugCmd), (24 bytes).
    Removing lpc17xx_uart.o(.rev16_text), (4 bytes).
    Removing lpc17xx_uart.o(.revsh_text), (4 bytes).
    Removing lpc17xx_uart.o(.rrx_text), (6 bytes).
    Removing lpc17xx_uart.o(i.UART_ABClearIntPending), (28 bytes).
    Removing lpc17xx_uart.o(i.UART_ABCmd), (132 bytes).
    Removing lpc17xx_uart.o(i.UART_CheckBusy), (18 bytes).
    Removing lpc17xx_uart.o(i.UART_ConfigStructInit), (18 bytes).
    Removing lpc17xx_uart.o(i.UART_DeInit), (92 bytes).
    Removing lpc17xx_uart.o(i.UART_FIFOConfig), (108 bytes).
    Removing lpc17xx_uart.o(i.UART_FIFOConfigStructInit), (14 bytes).
    Removing lpc17xx_uart.o(i.UART_ForceBreak), (32 bytes).
    Removing lpc17xx_uart.o(i.UART_FullModemConfigMode), (56 bytes).
    Removing lpc17xx_uart.o(i.UART_FullModemForcePinState), (48 bytes).
    Removing lpc17xx_uart.o(i.UART_FullModemGetStatus), (6 bytes).
    Removing lpc17xx_uart.o(i.UART_GetIntId), (12 bytes).
    Removing lpc17xx_uart.o(i.UART_GetLineStatus), (20 bytes).
    Removing lpc17xx_uart.o(i.UART_IntConfig), (120 bytes).
    Removing lpc17xx_uart.o(i.UART_IrDACmd), (32 bytes).
    Removing lpc17xx_uart.o(i.UART_IrDAInvtInputCmd), (34 bytes).
    Removing lpc17xx_uart.o(i.UART_IrDAPulseDivConfig), (30 bytes).
    Removing lpc17xx_uart.o(i.UART_RS485Config), (92 bytes).
    Removing lpc17xx_uart.o(i.UART_RS485ReceiverCmd), (32 bytes).
    Removing lpc17xx_uart.o(i.UART_RS485Send), (88 bytes).
    Removing lpc17xx_uart.o(i.UART_RS485SendData), (22 bytes).
    Removing lpc17xx_uart.o(i.UART_RS485SendSlvAddr), (18 bytes).
    Removing lpc17xx_uart.o(i.UART_Receive), (114 bytes).
    Removing lpc17xx_uart.o(i.UART_ReceiveByte), (20 bytes).
    Removing system_lpc17xx.o(.rev16_text), (4 bytes).
    Removing system_lpc17xx.o(.revsh_text), (4 bytes).
    Removing system_lpc17xx.o(.rrx_text), (6 bytes).
    Removing system_lpc17xx.o(i.SystemCoreClockUpdate), (424 bytes).

112 unused section(s) (total 4296 bytes) removed from the image.

==============================================================================

Image Symbol Table

    Local Symbols

    Symbol Name                              Value     Ov Type        Size  Object(Section)

    RESET                                    0x00000000   Section      204  startup_lpc17xx.o(RESET)
    ../clib/angel/boardlib.s                 0x00000000   Number         0  boardshut.o ABSOLUTE
    ../clib/angel/boardlib.s                 0x00000000   Number         0  boardinit1.o ABSOLUTE
    ../clib/angel/boardlib.s                 0x00000000   Number         0  boardinit2.o ABSOLUTE
    ../clib/angel/boardlib.s                 0x00000000   Number         0  boardinit3.o ABSOLUTE
    ../clib/angel/handlers.s                 0x00000000   Number         0  __scatter_zi.o ABSOLUTE
    ../clib/angel/handlers.s                 0x00000000   Number         0  __scatter_copy.o ABSOLUTE
    ../clib/angel/kernel.s                   0x00000000   Number         0  __rtentry.o ABSOLUTE
    ../clib/angel/kernel.s                   0x00000000   Number         0  __rtentry2.o ABSOLUTE
    ../clib/angel/kernel.s                   0x00000000   Number         0  __rtentry4.o ABSOLUTE
    ../clib/angel/kernel.s                   0x00000000   Number         0  rtexit.o ABSOLUTE
    ../clib/angel/kernel.s                   0x00000000   Number         0  rtexit2.o ABSOLUTE
    ../clib/angel/rt.s                       0x00000000   Number         0  aeabi_ldiv0.o ABSOLUTE
    ../clib/angel/rt.s                       0x00000000   Number         0  rt_div0.o ABSOLUTE
    ../clib/angel/rt.s                       0x00000000   Number         0  rt_raise.o ABSOLUTE
    ../clib/angel/rt.s                       0x00000000   Number         0  aeabi_ldiv0_sigfpe.o ABSOLUTE
    ../clib/angel/scatter.s                  0x00000000   Number         0  __scatter.o ABSOLUTE
    ../clib/angel/startup.s                  0x00000000   Number         0  __main.o ABSOLUTE
    ../clib/angel/sys.s                      0x00000000   Number         0  indicate_semi.o ABSOLUTE
    ../clib/angel/sys.s                      0x00000000   Number         0  use_no_semi.o ABSOLUTE
    ../clib/angel/sys.s                      0x00000000   Number         0  sys_stackheap_outer.o ABSOLUTE
    ../clib/angel/sys.s                      0x00000000   Number         0  libspace.o ABSOLUTE
    ../clib/angel/sysapp.c                   0x00000000   Number         0  sys_wrch.o ABSOLUTE
    ../clib/angel/sysapp.c                   0x00000000   Number         0  sys_command.o ABSOLUTE
    ../clib/angel/sysapp.c                   0x00000000   Number         0  sys_exit.o ABSOLUTE
    ../clib/armsys.c                         0x00000000   Number         0  no_argv.o ABSOLUTE
    ../clib/armsys.c                         0x00000000   Number         0  _get_argv_nomalloc.o ABSOLUTE
    ../clib/armsys.c                         0x00000000   Number         0  argv_veneer.o ABSOLUTE
    ../clib/armsys.c                         0x00000000   Number         0  argv_veneer.o ABSOLUTE
    ../clib/heapalloc.c                      0x00000000   Number         0  hrguard.o ABSOLUTE
    ../clib/heapaux.c                        0x00000000   Number         0  heapauxi.o ABSOLUTE
    ../clib/libinit.s                        0x00000000   Number         0  libinit2.o ABSOLUTE
    ../clib/libinit.s                        0x00000000   Number         0  libinit.o ABSOLUTE
    ../clib/libinit.s                        0x00000000   Number         0  libshutdown2.o ABSOLUTE
    ../clib/libinit.s                        0x00000000   Number         0  libshutdown.o ABSOLUTE
    ../clib/longlong.s                       0x00000000   Number         0  lludivv7m.o ABSOLUTE
    ../clib/misc.s                           0x00000000   Number         0  printf_stubs.o ABSOLUTE
    ../clib/printf.c                         0x00000000   Number         0  __printf_ss_wp.o ABSOLUTE
    ../clib/printf.c                         0x00000000   Number         0  __printf_flags_wp.o ABSOLUTE
    ../clib/printf.c                         0x00000000   Number         0  __printf_nopercent.o ABSOLUTE
    ../clib/printf.c                         0x00000000   Number         0  __printf_wp.o ABSOLUTE
    ../clib/printf.c                         0x00000000   Number         0  __printf_flags_ss.o ABSOLUTE
    ../clib/printf.c                         0x00000000   Number         0  __printf_flags_ss_wp.o ABSOLUTE
    ../clib/printf.c                         0x00000000   Number         0  __printf_ss.o ABSOLUTE
    ../clib/printf.c                         0x00000000   Number         0  __printf_flags.o ABSOLUTE
    ../clib/printf.c                         0x00000000   Number         0  __2sprintf.o ABSOLUTE
    ../clib/printf.c                         0x00000000   Number         0  _printf_dec.o ABSOLUTE
    ../clib/printf.c                         0x00000000   Number         0  noretval__2sprintf.o ABSOLUTE
    ../clib/printf.c                         0x00000000   Number         0  __printf.o ABSOLUTE
    ../clib/printf.c                         0x00000000   Number         0  _printf_pad.o ABSOLUTE
    ../clib/printf.c                         0x00000000   Number         0  _printf_char_common.o ABSOLUTE
    ../clib/printf.c                         0x00000000   Number         0  _sputc.o ABSOLUTE
    ../clib/printf.c                         0x00000000   Number         0  _printf_intcommon.o ABSOLUTE
    ../clib/printf_percent.s                 0x00000000   Number         0  _printf_percent.o ABSOLUTE
    ../clib/printf_percent.s                 0x00000000   Number         0  _printf_u.o ABSOLUTE
    ../clib/printf_percent.s                 0x00000000   Number         0  _printf_percent_end.o ABSOLUTE
    ../clib/signal.c                         0x00000000   Number         0  defsig_general.o ABSOLUTE
    ../clib/signal.c                         0x00000000   Number         0  defsig_other.o ABSOLUTE
    ../clib/signal.c                         0x00000000   Number         0  __raise.o ABSOLUTE
    ../clib/signal.c                         0x00000000   Number         0  defsig_fpe_formal.o ABSOLUTE
    ../clib/signal.c                         0x00000000   Number         0  defsig_fpe_outer.o ABSOLUTE
    ../clib/signal.c                         0x00000000   Number         0  defsig_abrt_inner.o ABSOLUTE
    ../clib/signal.c                         0x00000000   Number         0  defsig_fpe_inner.o ABSOLUTE
    ../clib/signal.c                         0x00000000   Number         0  defsig_rtmem_formal.o ABSOLUTE
    ../clib/signal.c                         0x00000000   Number         0  defsig_rtred_inner.o ABSOLUTE
    ../clib/signal.c                         0x00000000   Number         0  defsig_rtmem_inner.o ABSOLUTE
    ../clib/signal.c                         0x00000000   Number         0  defsig_rtmem_outer.o ABSOLUTE
    ../clib/signal.c                         0x00000000   Number         0  defsig_exit.o ABSOLUTE
    ../clib/signal.c                         0x00000000   Number         0  defsig_stak_inner.o ABSOLUTE
    ../clib/signal.c                         0x00000000   Number         0  defsig_pvfn_inner.o ABSOLUTE
    ../clib/signal.c                         0x00000000   Number         0  defsig_cppl_inner.o ABSOLUTE
    ../clib/signal.c                         0x00000000   Number         0  defsig_segv_inner.o ABSOLUTE
    ../clib/signal.s                         0x00000000   Number         0  defsig.o ABSOLUTE
    ../clib/stdlib.c                         0x00000000   Number         0  exit.o ABSOLUTE
    ../fplib/fpinit.s                        0x00000000   Number         0  fpinit.o ABSOLUTE
    ..\..\Drivers\source\lpc17xx_clkpwr.c    0x00000000   Number         0  lpc17xx_clkpwr.o ABSOLUTE
    ..\..\Drivers\source\lpc17xx_gpio.c      0x00000000   Number         0  lpc17xx_gpio.o ABSOLUTE
    ..\..\Drivers\source\lpc17xx_libcfg_default.c 0x00000000   Number         0  lpc17xx_libcfg_default.o ABSOLUTE
    ..\..\Drivers\source\lpc17xx_nvic.c      0x00000000   Number         0  lpc17xx_nvic.o ABSOLUTE
    ..\..\Drivers\source\lpc17xx_pinsel.c    0x00000000   Number         0  lpc17xx_pinsel.o ABSOLUTE
    ..\..\Drivers\source\lpc17xx_rit.c       0x00000000   Number         0  lpc17xx_rit.o ABSOLUTE
    ..\..\Drivers\source\lpc17xx_rtc.c       0x00000000   Number         0  lpc17xx_rtc.o ABSOLUTE
    ..\..\Drivers\source\lpc17xx_uart.c      0x00000000   Number         0  lpc17xx_uart.o ABSOLUTE
    ..\..\src\Delay_RIT.c                    0x00000000   Number         0  delay_rit.o ABSOLUTE
    ..\..\src\HardwareInit.c                 0x00000000   Number         0  hardwareinit.o ABSOLUTE
    ..\..\src\main.c                         0x00000000   Number         0  main.o ABSOLUTE
    ..\\..\\Drivers\\source\\lpc17xx_clkpwr.c 0x00000000   Number         0  lpc17xx_clkpwr.o ABSOLUTE
    ..\\..\\Drivers\\source\\lpc17xx_gpio.c  0x00000000   Number         0  lpc17xx_gpio.o ABSOLUTE
    ..\\..\\Drivers\\source\\lpc17xx_nvic.c  0x00000000   Number         0  lpc17xx_nvic.o ABSOLUTE
    ..\\..\\Drivers\\source\\lpc17xx_pinsel.c 0x00000000   Number         0  lpc17xx_pinsel.o ABSOLUTE
    ..\\..\\Drivers\\source\\lpc17xx_rit.c   0x00000000   Number         0  lpc17xx_rit.o ABSOLUTE
    ..\\..\\Drivers\\source\\lpc17xx_rtc.c   0x00000000   Number         0  lpc17xx_rtc.o ABSOLUTE
    ..\\..\\Drivers\\source\\lpc17xx_uart.c  0x00000000   Number         0  lpc17xx_uart.o ABSOLUTE
    ..\\..\\src\\Delay_RIT.c                 0x00000000   Number         0  delay_rit.o ABSOLUTE
    ..\\..\\src\\HardwareInit.c              0x00000000   Number         0  hardwareinit.o ABSOLUTE
    ..\\..\\src\\main.c                      0x00000000   Number         0  main.o ABSOLUTE
    RTE\Device\LPC1768\startup_LPC17xx.s     0x00000000   Number         0  startup_lpc17xx.o ABSOLUTE
    RTE\Device\LPC1768\system_LPC17xx.c      0x00000000   Number         0  system_lpc17xx.o ABSOLUTE
    RTE\\Device\\LPC1768\\system_LPC17xx.c   0x00000000   Number         0  system_lpc17xx.o ABSOLUTE
    dc.s                                     0x00000000   Number         0  dc.o ABSOLUTE
    !!!main                                  0x000000cc   Section        8  __main.o(!!!main)
    !!!scatter                               0x000000d4   Section       52  __scatter.o(!!!scatter)
    !!handler_copy                           0x00000108   Section       26  __scatter_copy.o(!!handler_copy)
    !!handler_zi                             0x00000124   Section       28  __scatter_zi.o(!!handler_zi)
    .ARM.Collect$$_printf_percent$$00000000  0x00000140   Section        0  _printf_percent.o(.ARM.Collect$$_printf_percent$$00000000)
    .ARM.Collect$$_printf_percent$$0000000A  0x00000140   Section        6  _printf_u.o(.ARM.Collect$$_printf_percent$$0000000A)
    .ARM.Collect$$_printf_percent$$00000017  0x00000146   Section        4  _printf_percent_end.o(.ARM.Collect$$_printf_percent$$00000017)
    .ARM.Collect$$libinit$$00000000          0x0000014a   Section        2  libinit.o(.ARM.Collect$$libinit$$00000000)
    .ARM.Collect$$libinit$$00000002          0x0000014c   Section        0  libinit2.o(.ARM.Collect$$libinit$$00000002)
    .ARM.Collect$$libinit$$00000004          0x0000014c   Section        0  libinit2.o(.ARM.Collect$$libinit$$00000004)
    .ARM.Collect$$libinit$$0000000A          0x0000014c   Section        0  libinit2.o(.ARM.Collect$$libinit$$0000000A)
    .ARM.Collect$$libinit$$0000000C          0x0000014c   Section        0  libinit2.o(.ARM.Collect$$libinit$$0000000C)
    .ARM.Collect$$libinit$$0000000E          0x0000014c   Section        0  libinit2.o(.ARM.Collect$$libinit$$0000000E)
    .ARM.Collect$$libinit$$00000011          0x0000014c   Section        0  libinit2.o(.ARM.Collect$$libinit$$00000011)
    .ARM.Collect$$libinit$$00000013          0x0000014c   Section        0  libinit2.o(.ARM.Collect$$libinit$$00000013)
    .ARM.Collect$$libinit$$00000015          0x0000014c   Section        0  libinit2.o(.ARM.Collect$$libinit$$00000015)
    .ARM.Collect$$libinit$$00000017          0x0000014c   Section        0  libinit2.o(.ARM.Collect$$libinit$$00000017)
    .ARM.Collect$$libinit$$00000019          0x0000014c   Section        0  libinit2.o(.ARM.Collect$$libinit$$00000019)
    .ARM.Collect$$libinit$$0000001B          0x0000014c   Section        0  libinit2.o(.ARM.Collect$$libinit$$0000001B)
    .ARM.Collect$$libinit$$0000001D          0x0000014c   Section        0  libinit2.o(.ARM.Collect$$libinit$$0000001D)
    .ARM.Collect$$libinit$$0000001F          0x0000014c   Section        0  libinit2.o(.ARM.Collect$$libinit$$0000001F)
    .ARM.Collect$$libinit$$00000021          0x0000014c   Section        0  libinit2.o(.ARM.Collect$$libinit$$00000021)
    .ARM.Collect$$libinit$$00000023          0x0000014c   Section        0  libinit2.o(.ARM.Collect$$libinit$$00000023)
    .ARM.Collect$$libinit$$00000025          0x0000014c   Section        0  libinit2.o(.ARM.Collect$$libinit$$00000025)
    .ARM.Collect$$libinit$$0000002C          0x0000014c   Section        0  libinit2.o(.ARM.Collect$$libinit$$0000002C)
    .ARM.Collect$$libinit$$0000002E          0x0000014c   Section        0  libinit2.o(.ARM.Collect$$libinit$$0000002E)
    .ARM.Collect$$libinit$$00000030          0x0000014c   Section        0  libinit2.o(.ARM.Collect$$libinit$$00000030)
    .ARM.Collect$$libinit$$00000032          0x0000014c   Section        0  libinit2.o(.ARM.Collect$$libinit$$00000032)
    .ARM.Collect$$libinit$$00000033          0x0000014c   Section        2  libinit2.o(.ARM.Collect$$libinit$$00000033)
    .ARM.Collect$$libshutdown$$00000000      0x0000014e   Section        2  libshutdown.o(.ARM.Collect$$libshutdown$$00000000)
    .ARM.Collect$$libshutdown$$00000002      0x00000150   Section        0  libshutdown2.o(.ARM.Collect$$libshutdown$$00000002)
    .ARM.Collect$$libshutdown$$00000004      0x00000150   Section        0  libshutdown2.o(.ARM.Collect$$libshutdown$$00000004)
    .ARM.Collect$$libshutdown$$00000007      0x00000150   Section        0  libshutdown2.o(.ARM.Collect$$libshutdown$$00000007)
    .ARM.Collect$$libshutdown$$0000000A      0x00000150   Section        0  libshutdown2.o(.ARM.Collect$$libshutdown$$0000000A)
    .ARM.Collect$$libshutdown$$0000000C      0x00000150   Section        0  libshutdown2.o(.ARM.Collect$$libshutdown$$0000000C)
    .ARM.Collect$$libshutdown$$0000000F      0x00000150   Section        0  libshutdown2.o(.ARM.Collect$$libshutdown$$0000000F)
    .ARM.Collect$$libshutdown$$00000010      0x00000150   Section        2  libshutdown2.o(.ARM.Collect$$libshutdown$$00000010)
    .ARM.Collect$$rtentry$$00000000          0x00000152   Section        0  __rtentry.o(.ARM.Collect$$rtentry$$00000000)
    .ARM.Collect$$rtentry$$00000002          0x00000152   Section        0  __rtentry2.o(.ARM.Collect$$rtentry$$00000002)
    .ARM.Collect$$rtentry$$00000004          0x00000152   Section        6  __rtentry4.o(.ARM.Collect$$rtentry$$00000004)
    .ARM.Collect$$rtentry$$00000009          0x00000158   Section        0  __rtentry2.o(.ARM.Collect$$rtentry$$00000009)
    .ARM.Collect$$rtentry$$0000000A          0x00000158   Section        4  __rtentry2.o(.ARM.Collect$$rtentry$$0000000A)
    .ARM.Collect$$rtentry$$0000000C          0x0000015c   Section        0  __rtentry2.o(.ARM.Collect$$rtentry$$0000000C)
    .ARM.Collect$$rtentry$$0000000D          0x0000015c   Section        8  __rtentry2.o(.ARM.Collect$$rtentry$$0000000D)
    .ARM.Collect$$rtexit$$00000000           0x00000164   Section        2  rtexit.o(.ARM.Collect$$rtexit$$00000000)
    .ARM.Collect$$rtexit$$00000002           0x00000166   Section        0  rtexit2.o(.ARM.Collect$$rtexit$$00000002)
    .ARM.Collect$$rtexit$$00000003           0x00000166   Section        4  rtexit2.o(.ARM.Collect$$rtexit$$00000003)
    .ARM.Collect$$rtexit$$00000004           0x0000016a   Section        6  rtexit2.o(.ARM.Collect$$rtexit$$00000004)
    .text                                    0x00000170   Section       60  startup_lpc17xx.o(.text)
    .text                                    0x000001ac   Section      238  lludivv7m.o(.text)
    .text                                    0x0000029c   Section        0  __2sprintf.o(.text)
    .text                                    0x000002c8   Section        0  heapauxi.o(.text)
    .text                                    0x000002ce   Section        0  _sputc.o(.text)
    .text                                    0x000002d8   Section        0  exit.o(.text)
    .text                                    0x000002ec   Section        8  libspace.o(.text)
    .text                                    0x000002f4   Section        2  use_no_semi.o(.text)
    .text                                    0x000002f6   Section        0  indicate_semi.o(.text)
    .ARM.__at_0x02FC                         0x000002fc   Section        4  startup_lpc17xx.o(.ARM.__at_0x02FC)
    .text                                    0x00000300   Section        0  _printf_pad.o(.text)
    .text                                    0x00000350   Section        0  _printf_dec.o(.text)
    .text                                    0x000003c8   Section        0  __printf_flags_wp.o(.text)
    .text                                    0x00000500   Section        0  _printf_intcommon.o(.text)
    .text                                    0x000005b4   Section        0  _printf_char_common.o(.text)
    _printf_input_char                       0x000005b5   Thumb Code    10  _printf_char_common.o(.text)
    .text                                    0x000005e4   Section       74  sys_stackheap_outer.o(.text)
    .text                                    0x00000630   Section        0  sys_exit.o(.text)
    i.CLKPWR_ConfigPPWR                      0x0000063c   Section        0  lpc17xx_clkpwr.o(i.CLKPWR_ConfigPPWR)
    i.CLKPWR_GetPCLK                         0x00000674   Section        0  lpc17xx_clkpwr.o(i.CLKPWR_GetPCLK)
    i.CLKPWR_GetPCLKSEL                      0x000006b4   Section        0  lpc17xx_clkpwr.o(i.CLKPWR_GetPCLKSEL)
    i.Delay_RIT_Init                         0x000006dc   Section        0  delay_rit.o(i.Delay_RIT_Init)
    i.Delay_RIT_ms                           0x00000708   Section        0  delay_rit.o(i.Delay_RIT_ms)
    i.HW_Init                                0x00000740   Section        0  hardwareinit.o(i.HW_Init)
    i.HW_SetDateTime                         0x000007c4   Section        0  hardwareinit.o(i.HW_SetDateTime)
    i.PINSEL_ConfigPin                       0x0000080c   Section        0  lpc17xx_pinsel.o(i.PINSEL_ConfigPin)
    i.RIT_Cmd                                0x00000830   Section        0  lpc17xx_rit.o(i.RIT_Cmd)
    i.RIT_GetIntStatus                       0x00000848   Section        0  lpc17xx_rit.o(i.RIT_GetIntStatus)
    i.RIT_IRQHandler                         0x00000868   Section        0  delay_rit.o(i.RIT_IRQHandler)
    i.RIT_Init                               0x00000880   Section        0  lpc17xx_rit.o(i.RIT_Init)
    i.RIT_TimerConfig                        0x000008a0   Section        0  lpc17xx_rit.o(i.RIT_TimerConfig)
    i.RTC_CalibCounterCmd                    0x000008ca   Section        0  lpc17xx_rtc.o(i.RTC_CalibCounterCmd)
    i.RTC_Cmd                                0x000008e2   Section        0  lpc17xx_rtc.o(i.RTC_Cmd)
    i.RTC_GetFullTime                        0x000008fa   Section        0  lpc17xx_rtc.o(i.RTC_GetFullTime)
    i.RTC_Init                               0x00000940   Section        0  lpc17xx_rtc.o(i.RTC_Init)
    i.RTC_ResetClockTickCounter              0x0000095e   Section        0  lpc17xx_rtc.o(i.RTC_ResetClockTickCounter)
    i.RTC_SetTime                            0x00000970   Section        0  lpc17xx_rtc.o(i.RTC_SetTime)
    i.SystemInit                             0x000009d0   Section        0  system_lpc17xx.o(i.SystemInit)
    i.UART_Init                              0x00000b10   Section        0  lpc17xx_uart.o(i.UART_Init)
    i.UART_Send                              0x00000c90   Section        0  lpc17xx_uart.o(i.UART_Send)
    i.UART_SendByte                          0x00000d24   Section        0  lpc17xx_uart.o(i.UART_SendByte)
    i.UART_TxCmd                             0x00000d38   Section        0  lpc17xx_uart.o(i.UART_TxCmd)
    i._is_digit                              0x00000d80   Section        0  __printf_wp.o(i._is_digit)
    i.main                                   0x00000d90   Section        0  main.o(i.main)
    i.set_OpenDrainMode                      0x00000e2c   Section        0  lpc17xx_pinsel.o(i.set_OpenDrainMode)
    set_OpenDrainMode                        0x00000e2d   Thumb Code    42  lpc17xx_pinsel.o(i.set_OpenDrainMode)
    i.set_PinFunc                            0x00000e5c   Section        0  lpc17xx_pinsel.o(i.set_PinFunc)
    set_PinFunc                              0x00000e5d   Thumb Code    60  lpc17xx_pinsel.o(i.set_PinFunc)
    i.set_ResistorMode                       0x00000e9c   Section        0  lpc17xx_pinsel.o(i.set_ResistorMode)
    set_ResistorMode                         0x00000e9d   Thumb Code    60  lpc17xx_pinsel.o(i.set_ResistorMode)
    i.uart_set_divisors                      0x00000edc   Section        0  lpc17xx_uart.o(i.uart_set_divisors)
    uart_set_divisors                        0x00000edd   Thumb Code   464  lpc17xx_uart.o(i.uart_set_divisors)
    .constdata                               0x000010bc   Section       17  __printf_flags_wp.o(.constdata)
    maptable                                 0x000010bc   Data          17  __printf_flags_wp.o(.constdata)
    .data                                    0x10000000   Section        1  delay_rit.o(.data)
    .data                                    0x10000004   Section        4  system_lpc17xx.o(.data)
    .bss                                     0x10000008   Section       96  libspace.o(.bss)
    HEAP                                     0x10000068   Section        0  startup_lpc17xx.o(HEAP)
    STACK                                    0x10000068   Section      512  startup_lpc17xx.o(STACK)
    Heap_Mem                                 0x10000068   Data           0  startup_lpc17xx.o(HEAP)
    Stack_Mem                                0x10000068   Data         512  startup_lpc17xx.o(STACK)
    __initial_sp                             0x10000268   Data           0  startup_lpc17xx.o(STACK)

    Global Symbols

    Symbol Name                              Value     Ov Type        Size  Object(Section)

    BuildAttributes$$THM_ISAv4$P$D$K$B$S$PE$A:L22UL41UL21$X:L11$S22US41US21$IEEE1$IW$USESV6$~STKCKD$USESV7$~SHL$OSPACE$ROPI$EBA8$UX$STANDARDLIB$REQ8$PRES8$EABIv2 0x00000000   Number         0  anon$$obj.o ABSOLUTE
    __ARM_use_no_argv                        0x00000000   Number         0  main.o ABSOLUTE
    __Vectors                                0x00000000   Data           4  startup_lpc17xx.o(RESET)
    _printf_flags                            0x00000000   Number         0  printf_stubs.o ABSOLUTE
    _printf_return_value                     0x00000000   Number         0  printf_stubs.o ABSOLUTE
    _printf_sizespec                         0x00000000   Number         0  printf_stubs.o ABSOLUTE
    _printf_widthprec                        0x00000000   Number         0  printf_stubs.o ABSOLUTE
    __ARM_exceptions_init                     - Undefined Weak Reference
    __alloca_initialize                       - Undefined Weak Reference
    __arm_preinit_                            - Undefined Weak Reference
    __cpp_initialize__aeabi_                  - Undefined Weak Reference
    __cxa_finalize                            - Undefined Weak Reference
    __rt_locale                               - Undefined Weak Reference
    __sigvec_lookup                           - Undefined Weak Reference
    _atexit_init                              - Undefined Weak Reference
    _call_atexit_fns                          - Undefined Weak Reference
    _clock_init                               - Undefined Weak Reference
    _fp_trap_init                             - Undefined Weak Reference
    _fp_trap_shutdown                         - Undefined Weak Reference
    _get_lc_collate                           - Undefined Weak Reference
    _get_lc_ctype                             - Undefined Weak Reference
    _get_lc_monetary                          - Undefined Weak Reference
    _get_lc_numeric                           - Undefined Weak Reference
    _get_lc_time                              - Undefined Weak Reference
    _getenv_init                              - Undefined Weak Reference
    _handle_redirection                       - Undefined Weak Reference
    _init_alloc                               - Undefined Weak Reference
    _init_user_alloc                          - Undefined Weak Reference
    _initio                                   - Undefined Weak Reference
    _printf_truncate_signed                   - Undefined Weak Reference
    _printf_truncate_unsigned                 - Undefined Weak Reference
    _rand_init                                - Undefined Weak Reference
    _signal_finish                            - Undefined Weak Reference
    _signal_init                              - Undefined Weak Reference
    _terminate_alloc                          - Undefined Weak Reference
    _terminate_user_alloc                     - Undefined Weak Reference
    _terminateio                              - Undefined Weak Reference
    __main                                   0x000000cd   Thumb Code     8  __main.o(!!!main)
    __scatterload                            0x000000d5   Thumb Code     0  __scatter.o(!!!scatter)
    __scatterload_rt2                        0x000000d5   Thumb Code    44  __scatter.o(!!!scatter)
    __scatterload_rt2_thumb_only             0x000000d5   Thumb Code     0  __scatter.o(!!!scatter)
    __scatterload_null                       0x000000e3   Thumb Code     0  __scatter.o(!!!scatter)
    __scatterload_copy                       0x00000109   Thumb Code    26  __scatter_copy.o(!!handler_copy)
    __scatterload_zeroinit                   0x00000125   Thumb Code    28  __scatter_zi.o(!!handler_zi)
    _printf_percent                          0x00000141   Thumb Code     0  _printf_percent.o(.ARM.Collect$$_printf_percent$$00000000)
    _printf_u                                0x00000141   Thumb Code     0  _printf_u.o(.ARM.Collect$$_printf_percent$$0000000A)
    _printf_percent_end                      0x00000147   Thumb Code     0  _printf_percent_end.o(.ARM.Collect$$_printf_percent$$00000017)
    __rt_lib_init                            0x0000014b   Thumb Code     0  libinit.o(.ARM.Collect$$libinit$$00000000)
    __rt_lib_init_alloca_1                   0x0000014d   Thumb Code     0  libinit2.o(.ARM.Collect$$libinit$$0000002E)
    __rt_lib_init_argv_1                     0x0000014d   Thumb Code     0  libinit2.o(.ARM.Collect$$libinit$$0000002C)
    __rt_lib_init_atexit_1                   0x0000014d   Thumb Code     0  libinit2.o(.ARM.Collect$$libinit$$0000001B)
    __rt_lib_init_clock_1                    0x0000014d   Thumb Code     0  libinit2.o(.ARM.Collect$$libinit$$00000021)
    __rt_lib_init_cpp_1                      0x0000014d   Thumb Code     0  libinit2.o(.ARM.Collect$$libinit$$00000032)
    __rt_lib_init_exceptions_1               0x0000014d   Thumb Code     0  libinit2.o(.ARM.Collect$$libinit$$00000030)
    __rt_lib_init_fp_1                       0x0000014d   Thumb Code     0  libinit2.o(.ARM.Collect$$libinit$$00000002)
    __rt_lib_init_fp_trap_1                  0x0000014d   Thumb Code     0  libinit2.o(.ARM.Collect$$libinit$$0000001F)
    __rt_lib_init_getenv_1                   0x0000014d   Thumb Code     0  libinit2.o(.ARM.Collect$$libinit$$00000023)
    __rt_lib_init_heap_1                     0x0000014d   Thumb Code     0  libinit2.o(.ARM.Collect$$libinit$$0000000A)
    __rt_lib_init_lc_collate_1               0x0000014d   Thumb Code     0  libinit2.o(.ARM.Collect$$libinit$$00000011)
    __rt_lib_init_lc_ctype_1                 0x0000014d   Thumb Code     0  libinit2.o(.ARM.Collect$$libinit$$00000013)
    __rt_lib_init_lc_monetary_1              0x0000014d   Thumb Code     0  libinit2.o(.ARM.Collect$$libinit$$00000015)
    __rt_lib_init_lc_numeric_1               0x0000014d   Thumb Code     0  libinit2.o(.ARM.Collect$$libinit$$00000017)
    __rt_lib_init_lc_time_1                  0x0000014d   Thumb Code     0  libinit2.o(.ARM.Collect$$libinit$$00000019)
    __rt_lib_init_preinit_1                  0x0000014d   Thumb Code     0  libinit2.o(.ARM.Collect$$libinit$$00000004)
    __rt_lib_init_rand_1                     0x0000014d   Thumb Code     0  libinit2.o(.ARM.Collect$$libinit$$0000000E)
    __rt_lib_init_return                     0x0000014d   Thumb Code     0  libinit2.o(.ARM.Collect$$libinit$$00000033)
    __rt_lib_init_signal_1                   0x0000014d   Thumb Code     0  libinit2.o(.ARM.Collect$$libinit$$0000001D)
    __rt_lib_init_stdio_1                    0x0000014d   Thumb Code     0  libinit2.o(.ARM.Collect$$libinit$$00000025)
    __rt_lib_init_user_alloc_1               0x0000014d   Thumb Code     0  libinit2.o(.ARM.Collect$$libinit$$0000000C)
    __rt_lib_shutdown                        0x0000014f   Thumb Code     0  libshutdown.o(.ARM.Collect$$libshutdown$$00000000)
    __rt_lib_shutdown_cpp_1                  0x00000151   Thumb Code     0  libshutdown2.o(.ARM.Collect$$libshutdown$$00000002)
    __rt_lib_shutdown_fp_trap_1              0x00000151   Thumb Code     0  libshutdown2.o(.ARM.Collect$$libshutdown$$00000007)
    __rt_lib_shutdown_heap_1                 0x00000151   Thumb Code     0  libshutdown2.o(.ARM.Collect$$libshutdown$$0000000F)
    __rt_lib_shutdown_return                 0x00000151   Thumb Code     0  libshutdown2.o(.ARM.Collect$$libshutdown$$00000010)
    __rt_lib_shutdown_signal_1               0x00000151   Thumb Code     0  libshutdown2.o(.ARM.Collect$$libshutdown$$0000000A)
    __rt_lib_shutdown_stdio_1                0x00000151   Thumb Code     0  libshutdown2.o(.ARM.Collect$$libshutdown$$00000004)
    __rt_lib_shutdown_user_alloc_1           0x00000151   Thumb Code     0  libshutdown2.o(.ARM.Collect$$libshutdown$$0000000C)
    __rt_entry                               0x00000153   Thumb Code     0  __rtentry.o(.ARM.Collect$$rtentry$$00000000)
    __rt_entry_presh_1                       0x00000153   Thumb Code     0  __rtentry2.o(.ARM.Collect$$rtentry$$00000002)
    __rt_entry_sh                            0x00000153   Thumb Code     0  __rtentry4.o(.ARM.Collect$$rtentry$$00000004)
    __rt_entry_li                            0x00000159   Thumb Code     0  __rtentry2.o(.ARM.Collect$$rtentry$$0000000A)
    __rt_entry_postsh_1                      0x00000159   Thumb Code     0  __rtentry2.o(.ARM.Collect$$rtentry$$00000009)
    __rt_entry_main                          0x0000015d   Thumb Code     0  __rtentry2.o(.ARM.Collect$$rtentry$$0000000D)
    __rt_entry_postli_1                      0x0000015d   Thumb Code     0  __rtentry2.o(.ARM.Collect$$rtentry$$0000000C)
    __rt_exit                                0x00000165   Thumb Code     0  rtexit.o(.ARM.Collect$$rtexit$$00000000)
    __rt_exit_ls                             0x00000167   Thumb Code     0  rtexit2.o(.ARM.Collect$$rtexit$$00000003)
    __rt_exit_prels_1                        0x00000167   Thumb Code     0  rtexit2.o(.ARM.Collect$$rtexit$$00000002)
    __rt_exit_exit                           0x0000016b   Thumb Code     0  rtexit2.o(.ARM.Collect$$rtexit$$00000004)
    Reset_Handler                            0x00000171   Thumb Code     8  startup_lpc17xx.o(.text)
    NMI_Handler                              0x00000179   Thumb Code     2  startup_lpc17xx.o(.text)
    HardFault_Handler                        0x0000017b   Thumb Code     2  startup_lpc17xx.o(.text)
    MemManage_Handler                        0x0000017d   Thumb Code     2  startup_lpc17xx.o(.text)
    BusFault_Handler                         0x0000017f   Thumb Code     2  startup_lpc17xx.o(.text)
    UsageFault_Handler                       0x00000181   Thumb Code     2  startup_lpc17xx.o(.text)
    SVC_Handler                              0x00000183   Thumb Code     2  startup_lpc17xx.o(.text)
    DebugMon_Handler                         0x00000185   Thumb Code     2  startup_lpc17xx.o(.text)
    PendSV_Handler                           0x00000187   Thumb Code     2  startup_lpc17xx.o(.text)
    SysTick_Handler                          0x00000189   Thumb Code     2  startup_lpc17xx.o(.text)
    ADC_IRQHandler                           0x0000018b   Thumb Code     0  startup_lpc17xx.o(.text)
    BOD_IRQHandler                           0x0000018b   Thumb Code     0  startup_lpc17xx.o(.text)
    CANActivity_IRQHandler                   0x0000018b   Thumb Code     0  startup_lpc17xx.o(.text)
    CAN_IRQHandler                           0x0000018b   Thumb Code     0  startup_lpc17xx.o(.text)
    DMA_IRQHandler                           0x0000018b   Thumb Code     0  startup_lpc17xx.o(.text)
    EINT0_IRQHandler                         0x0000018b   Thumb Code     0  startup_lpc17xx.o(.text)
    EINT1_IRQHandler                         0x0000018b   Thumb Code     0  startup_lpc17xx.o(.text)
    EINT2_IRQHandler                         0x0000018b   Thumb Code     0  startup_lpc17xx.o(.text)
    EINT3_IRQHandler                         0x0000018b   Thumb Code     0  startup_lpc17xx.o(.text)
    ENET_IRQHandler                          0x0000018b   Thumb Code     0  startup_lpc17xx.o(.text)
    I2C0_IRQHandler                          0x0000018b   Thumb Code     0  startup_lpc17xx.o(.text)
    I2C1_IRQHandler                          0x0000018b   Thumb Code     0  startup_lpc17xx.o(.text)
    I2C2_IRQHandler                          0x0000018b   Thumb Code     0  startup_lpc17xx.o(.text)
    I2S_IRQHandler                           0x0000018b   Thumb Code     0  startup_lpc17xx.o(.text)
    MCPWM_IRQHandler                         0x0000018b   Thumb Code     0  startup_lpc17xx.o(.text)
    PLL0_IRQHandler                          0x0000018b   Thumb Code     0  startup_lpc17xx.o(.text)
    PLL1_IRQHandler                          0x0000018b   Thumb Code     0  startup_lpc17xx.o(.text)
    PWM1_IRQHandler                          0x0000018b   Thumb Code     0  startup_lpc17xx.o(.text)
    QEI_IRQHandler                           0x0000018b   Thumb Code     0  startup_lpc17xx.o(.text)
    RTC_IRQHandler                           0x0000018b   Thumb Code     0  startup_lpc17xx.o(.text)
    SPI_IRQHandler                           0x0000018b   Thumb Code     0  startup_lpc17xx.o(.text)
    SSP0_IRQHandler                          0x0000018b   Thumb Code     0  startup_lpc17xx.o(.text)
    SSP1_IRQHandler                          0x0000018b   Thumb Code     0  startup_lpc17xx.o(.text)
    TIMER0_IRQHandler                        0x0000018b   Thumb Code     0  startup_lpc17xx.o(.text)
    TIMER1_IRQHandler                        0x0000018b   Thumb Code     0  startup_lpc17xx.o(.text)
    TIMER2_IRQHandler                        0x0000018b   Thumb Code     0  startup_lpc17xx.o(.text)
    TIMER3_IRQHandler                        0x0000018b   Thumb Code     0  startup_lpc17xx.o(.text)
    UART0_IRQHandler                         0x0000018b   Thumb Code     0  startup_lpc17xx.o(.text)
    UART1_IRQHandler                         0x0000018b   Thumb Code     0  startup_lpc17xx.o(.text)
    UART2_IRQHandler                         0x0000018b   Thumb Code     0  startup_lpc17xx.o(.text)
    UART3_IRQHandler                         0x0000018b   Thumb Code     0  startup_lpc17xx.o(.text)
    USBActivity_IRQHandler                   0x0000018b   Thumb Code     0  startup_lpc17xx.o(.text)
    USB_IRQHandler                           0x0000018b   Thumb Code     0  startup_lpc17xx.o(.text)
    WDT_IRQHandler                           0x0000018b   Thumb Code     0  startup_lpc17xx.o(.text)
    __user_initial_stackheap                 0x0000018d   Thumb Code     0  startup_lpc17xx.o(.text)
    __aeabi_uldivmod                         0x000001ad   Thumb Code     0  lludivv7m.o(.text)
    _ll_udiv                                 0x000001ad   Thumb Code   238  lludivv7m.o(.text)
    __2sprintf                               0x0000029d   Thumb Code    38  __2sprintf.o(.text)
    __use_two_region_memory                  0x000002c9   Thumb Code     2  heapauxi.o(.text)
    __rt_heap_escrow$2region                 0x000002cb   Thumb Code     2  heapauxi.o(.text)
    __rt_heap_expand$2region                 0x000002cd   Thumb Code     2  heapauxi.o(.text)
    _sputc                                   0x000002cf   Thumb Code    10  _sputc.o(.text)
    exit                                     0x000002d9   Thumb Code    18  exit.o(.text)
    __user_libspace                          0x000002ed   Thumb Code     8  libspace.o(.text)
    __user_perproc_libspace                  0x000002ed   Thumb Code     0  libspace.o(.text)
    __user_perthread_libspace                0x000002ed   Thumb Code     0  libspace.o(.text)
    __I$use$semihosting                      0x000002f5   Thumb Code     0  use_no_semi.o(.text)
    __use_no_semihosting_swi                 0x000002f5   Thumb Code     2  use_no_semi.o(.text)
    __semihosting_library_function           0x000002f7   Thumb Code     0  indicate_semi.o(.text)
    _printf_pre_padding                      0x00000301   Thumb Code    44  _printf_pad.o(.text)
    _printf_post_padding                     0x0000032d   Thumb Code    34  _printf_pad.o(.text)
    _printf_int_dec                          0x00000351   Thumb Code   104  _printf_dec.o(.text)
    __printf                                 0x000003c9   Thumb Code   308  __printf_flags_wp.o(.text)
    _printf_int_common                       0x00000501   Thumb Code   178  _printf_intcommon.o(.text)
    _printf_char_common                      0x000005bf   Thumb Code    32  _printf_char_common.o(.text)
    __user_setup_stackheap                   0x000005e5   Thumb Code    74  sys_stackheap_outer.o(.text)
    _sys_exit                                0x00000631   Thumb Code     8  sys_exit.o(.text)
    CLKPWR_ConfigPPWR                        0x0000063d   Thumb Code    46  lpc17xx_clkpwr.o(i.CLKPWR_ConfigPPWR)
    CLKPWR_GetPCLK                           0x00000675   Thumb Code    58  lpc17xx_clkpwr.o(i.CLKPWR_GetPCLK)
    CLKPWR_GetPCLKSEL                        0x000006b5   Thumb Code    34  lpc17xx_clkpwr.o(i.CLKPWR_GetPCLKSEL)
    Delay_RIT_Init                           0x000006dd   Thumb Code    38  delay_rit.o(i.Delay_RIT_Init)
    Delay_RIT_ms                             0x00000709   Thumb Code    46  delay_rit.o(i.Delay_RIT_ms)
    HW_Init                                  0x00000741   Thumb Code   122  hardwareinit.o(i.HW_Init)
    HW_SetDateTime                           0x000007c5   Thumb Code    66  hardwareinit.o(i.HW_SetDateTime)
    PINSEL_ConfigPin                         0x0000080d   Thumb Code    36  lpc17xx_pinsel.o(i.PINSEL_ConfigPin)
    RIT_Cmd                                  0x00000831   Thumb Code    24  lpc17xx_rit.o(i.RIT_Cmd)
    RIT_GetIntStatus                         0x00000849   Thumb Code    30  lpc17xx_rit.o(i.RIT_GetIntStatus)
    RIT_IRQHandler                           0x00000869   Thumb Code    16  delay_rit.o(i.RIT_IRQHandler)
    RIT_Init                                 0x00000881   Thumb Code    32  lpc17xx_rit.o(i.RIT_Init)
    RIT_TimerConfig                          0x000008a1   Thumb Code    42  lpc17xx_rit.o(i.RIT_TimerConfig)
    RTC_CalibCounterCmd                      0x000008cb   Thumb Code    24  lpc17xx_rtc.o(i.RTC_CalibCounterCmd)
    RTC_Cmd                                  0x000008e3   Thumb Code    24  lpc17xx_rtc.o(i.RTC_Cmd)
    RTC_GetFullTime                          0x000008fb   Thumb Code    70  lpc17xx_rtc.o(i.RTC_GetFullTime)
    RTC_Init                                 0x00000941   Thumb Code    30  lpc17xx_rtc.o(i.RTC_Init)
    RTC_ResetClockTickCounter                0x0000095f   Thumb Code    18  lpc17xx_rtc.o(i.RTC_ResetClockTickCounter)
    RTC_SetTime                              0x00000971   Thumb Code    96  lpc17xx_rtc.o(i.RTC_SetTime)
    SystemInit                               0x000009d1   Thumb Code   302  system_lpc17xx.o(i.SystemInit)
    UART_Init                                0x00000b11   Thumb Code   366  lpc17xx_uart.o(i.UART_Init)
    UART_Send                                0x00000c91   Thumb Code   148  lpc17xx_uart.o(i.UART_Send)
    UART_SendByte                            0x00000d25   Thumb Code    14  lpc17xx_uart.o(i.UART_SendByte)
    UART_TxCmd                               0x00000d39   Thumb Code    68  lpc17xx_uart.o(i.UART_TxCmd)
    _is_digit                                0x00000d81   Thumb Code    14  __printf_wp.o(i._is_digit)
    main                                     0x00000d91   Thumb Code   100  main.o(i.main)
    Region$$Table$$Base                      0x000010d0   Number         0  anon$$obj.o(Region$$Table)
    Region$$Table$$Limit                     0x000010f0   Number         0  anon$$obj.o(Region$$Table)
    ritFlag                                  0x10000000   Data           1  delay_rit.o(.data)
    SystemCoreClock                          0x10000004   Data           4  system_lpc17xx.o(.data)
    __libspace_start                         0x10000008   Data          96  libspace.o(.bss)
    __temporary_stack_top$libspace           0x10000068   Data           0  libspace.o(.bss)



==============================================================================

Memory Map of the image

  Image Entry point : 0x00000171

  Load Region LR_1 (Base: 0x00000000, Size: 0x000010f8, Max: 0xffffffff, ABSOLUTE)

    Execution Region ER_RO (Exec base: 0x00000000, Load base: 0x00000000, Size: 0x000010f0, Max: 0xffffffff, ABSOLUTE)

    Exec Addr    Load Addr    Size         Type   Attr      Idx    E Section Name        Object

    0x00000000   0x00000000   0x000000cc   Data   RO          891    RESET               startup_lpc17xx.o
    0x000000cc   0x000000cc   0x00000008   Code   RO          973  * !!!main             c_w.l(__main.o)
    0x000000d4   0x000000d4   0x00000034   Code   RO         1149    !!!scatter          c_w.l(__scatter.o)
    0x00000108   0x00000108   0x0000001a   Code   RO         1151    !!handler_copy      c_w.l(__scatter_copy.o)
    0x00000122   0x00000122   0x00000002   PAD
    0x00000124   0x00000124   0x0000001c   Code   RO         1153    !!handler_zi        c_w.l(__scatter_zi.o)
    0x00000140   0x00000140   0x00000000   Code   RO          970    .ARM.Collect$$_printf_percent$$00000000  c_w.l(_printf_percent.o)
    0x00000140   0x00000140   0x00000006   Code   RO          969    .ARM.Collect$$_printf_percent$$0000000A  c_w.l(_printf_u.o)
    0x00000146   0x00000146   0x00000004   Code   RO          986    .ARM.Collect$$_printf_percent$$00000017  c_w.l(_printf_percent_end.o)
    0x0000014a   0x0000014a   0x00000002   Code   RO         1019    .ARM.Collect$$libinit$$00000000  c_w.l(libinit.o)
    0x0000014c   0x0000014c   0x00000000   Code   RO         1032    .ARM.Collect$$libinit$$00000002  c_w.l(libinit2.o)
    0x0000014c   0x0000014c   0x00000000   Code   RO         1034    .ARM.Collect$$libinit$$00000004  c_w.l(libinit2.o)
    0x0000014c   0x0000014c   0x00000000   Code   RO         1037    .ARM.Collect$$libinit$$0000000A  c_w.l(libinit2.o)
    0x0000014c   0x0000014c   0x00000000   Code   RO         1039    .ARM.Collect$$libinit$$0000000C  c_w.l(libinit2.o)
    0x0000014c   0x0000014c   0x00000000   Code   RO         1041    .ARM.Collect$$libinit$$0000000E  c_w.l(libinit2.o)
    0x0000014c   0x0000014c   0x00000000   Code   RO         1044    .ARM.Collect$$libinit$$00000011  c_w.l(libinit2.o)
    0x0000014c   0x0000014c   0x00000000   Code   RO         1046    .ARM.Collect$$libinit$$00000013  c_w.l(libinit2.o)
    0x0000014c   0x0000014c   0x00000000   Code   RO         1048    .ARM.Collect$$libinit$$00000015  c_w.l(libinit2.o)
    0x0000014c   0x0000014c   0x00000000   Code   RO         1050    .ARM.Collect$$libinit$$00000017  c_w.l(libinit2.o)
    0x0000014c   0x0000014c   0x00000000   Code   RO         1052    .ARM.Collect$$libinit$$00000019  c_w.l(libinit2.o)
    0x0000014c   0x0000014c   0x00000000   Code   RO         1054    .ARM.Collect$$libinit$$0000001B  c_w.l(libinit2.o)
    0x0000014c   0x0000014c   0x00000000   Code   RO         1056    .ARM.Collect$$libinit$$0000001D  c_w.l(libinit2.o)
    0x0000014c   0x0000014c   0x00000000   Code   RO         1058    .ARM.Collect$$libinit$$0000001F  c_w.l(libinit2.o)
    0x0000014c   0x0000014c   0x00000000   Code   RO         1060    .ARM.Collect$$libinit$$00000021  c_w.l(libinit2.o)
    0x0000014c   0x0000014c   0x00000000   Code   RO         1062    .ARM.Collect$$libinit$$00000023  c_w.l(libinit2.o)
    0x0000014c   0x0000014c   0x00000000   Code   RO         1064    .ARM.Collect$$libinit$$00000025  c_w.l(libinit2.o)
    0x0000014c   0x0000014c   0x00000000   Code   RO         1068    .ARM.Collect$$libinit$$0000002C  c_w.l(libinit2.o)
    0x0000014c   0x0000014c   0x00000000   Code   RO         1070    .ARM.Collect$$libinit$$0000002E  c_w.l(libinit2.o)
    0x0000014c   0x0000014c   0x00000000   Code   RO         1072    .ARM.Collect$$libinit$$00000030  c_w.l(libinit2.o)
    0x0000014c   0x0000014c   0x00000000   Code   RO         1074    .ARM.Collect$$libinit$$00000032  c_w.l(libinit2.o)
    0x0000014c   0x0000014c   0x00000002   Code   RO         1075    .ARM.Collect$$libinit$$00000033  c_w.l(libinit2.o)
    0x0000014e   0x0000014e   0x00000002   Code   RO         1106    .ARM.Collect$$libshutdown$$00000000  c_w.l(libshutdown.o)
    0x00000150   0x00000150   0x00000000   Code   RO         1132    .ARM.Collect$$libshutdown$$00000002  c_w.l(libshutdown2.o)
    0x00000150   0x00000150   0x00000000   Code   RO         1134    .ARM.Collect$$libshutdown$$00000004  c_w.l(libshutdown2.o)
    0x00000150   0x00000150   0x00000000   Code   RO         1137    .ARM.Collect$$libshutdown$$00000007  c_w.l(libshutdown2.o)
    0x00000150   0x00000150   0x00000000   Code   RO         1140    .ARM.Collect$$libshutdown$$0000000A  c_w.l(libshutdown2.o)
    0x00000150   0x00000150   0x00000000   Code   RO         1142    .ARM.Collect$$libshutdown$$0000000C  c_w.l(libshutdown2.o)
    0x00000150   0x00000150   0x00000000   Code   RO         1145    .ARM.Collect$$libshutdown$$0000000F  c_w.l(libshutdown2.o)
    0x00000150   0x00000150   0x00000002   Code   RO         1146    .ARM.Collect$$libshutdown$$00000010  c_w.l(libshutdown2.o)
    0x00000152   0x00000152   0x00000000   Code   RO          975    .ARM.Collect$$rtentry$$00000000  c_w.l(__rtentry.o)
    0x00000152   0x00000152   0x00000000   Code   RO          988    .ARM.Collect$$rtentry$$00000002  c_w.l(__rtentry2.o)
    0x00000152   0x00000152   0x00000006   Code   RO         1000    .ARM.Collect$$rtentry$$00000004  c_w.l(__rtentry4.o)
    0x00000158   0x00000158   0x00000000   Code   RO          990    .ARM.Collect$$rtentry$$00000009  c_w.l(__rtentry2.o)
    0x00000158   0x00000158   0x00000004   Code   RO          991    .ARM.Collect$$rtentry$$0000000A  c_w.l(__rtentry2.o)
    0x0000015c   0x0000015c   0x00000000   Code   RO          993    .ARM.Collect$$rtentry$$0000000C  c_w.l(__rtentry2.o)
    0x0000015c   0x0000015c   0x00000008   Code   RO          994    .ARM.Collect$$rtentry$$0000000D  c_w.l(__rtentry2.o)
    0x00000164   0x00000164   0x00000002   Code   RO         1023    .ARM.Collect$$rtexit$$00000000  c_w.l(rtexit.o)
    0x00000166   0x00000166   0x00000000   Code   RO         1079    .ARM.Collect$$rtexit$$00000002  c_w.l(rtexit2.o)
    0x00000166   0x00000166   0x00000004   Code   RO         1080    .ARM.Collect$$rtexit$$00000003  c_w.l(rtexit2.o)
    0x0000016a   0x0000016a   0x00000006   Code   RO         1081    .ARM.Collect$$rtexit$$00000004  c_w.l(rtexit2.o)
    0x00000170   0x00000170   0x0000003c   Code   RO          893  * .text               startup_lpc17xx.o
    0x000001ac   0x000001ac   0x000000ee   Code   RO          937    .text               c_w.l(lludivv7m.o)
    0x0000029a   0x0000029a   0x00000002   PAD
    0x0000029c   0x0000029c   0x0000002c   Code   RO          939    .text               c_w.l(__2sprintf.o)
    0x000002c8   0x000002c8   0x00000006   Code   RO          971    .text               c_w.l(heapauxi.o)
    0x000002ce   0x000002ce   0x0000000a   Code   RO          984    .text               c_w.l(_sputc.o)
    0x000002d8   0x000002d8   0x00000012   Code   RO         1008    .text               c_w.l(exit.o)
    0x000002ea   0x000002ea   0x00000002   PAD
    0x000002ec   0x000002ec   0x00000008   Code   RO         1020    .text               c_w.l(libspace.o)
    0x000002f4   0x000002f4   0x00000002   Code   RO         1095    .text               c_w.l(use_no_semi.o)
    0x000002f6   0x000002f6   0x00000000   Code   RO         1097    .text               c_w.l(indicate_semi.o)
    0x000002f6   0x000002f6   0x00000006   PAD
    0x000002fc   0x000002fc   0x00000004   Code   RO          892    .ARM.__at_0x02FC    startup_lpc17xx.o
    0x00000300   0x00000300   0x0000004e   Code   RO          945    .text               c_w.l(_printf_pad.o)
    0x0000034e   0x0000034e   0x00000002   PAD
    0x00000350   0x00000350   0x00000078   Code   RO          947    .text               c_w.l(_printf_dec.o)
    0x000003c8   0x000003c8   0x00000138   Code   RO          961    .text               c_w.l(__printf_flags_wp.o)
    0x00000500   0x00000500   0x000000b2   Code   RO          980    .text               c_w.l(_printf_intcommon.o)
    0x000005b2   0x000005b2   0x00000002   PAD
    0x000005b4   0x000005b4   0x00000030   Code   RO          982    .text               c_w.l(_printf_char_common.o)
    0x000005e4   0x000005e4   0x0000004a   Code   RO         1006    .text               c_w.l(sys_stackheap_outer.o)
    0x0000062e   0x0000062e   0x00000002   PAD
    0x00000630   0x00000630   0x0000000c   Code   RO         1076    .text               c_w.l(sys_exit.o)
    0x0000063c   0x0000063c   0x00000038   Code   RO          161    i.CLKPWR_ConfigPPWR  lpc17xx_clkpwr.o
    0x00000674   0x00000674   0x00000040   Code   RO          164    i.CLKPWR_GetPCLK    lpc17xx_clkpwr.o
    0x000006b4   0x000006b4   0x00000028   Code   RO          165    i.CLKPWR_GetPCLKSEL  lpc17xx_clkpwr.o
    0x000006dc   0x000006dc   0x0000002c   Code   RO           82    i.Delay_RIT_Init    delay_rit.o
    0x00000708   0x00000708   0x00000038   Code   RO           83    i.Delay_RIT_ms      delay_rit.o
    0x00000740   0x00000740   0x00000084   Code   RO          131    i.HW_Init           hardwareinit.o
    0x000007c4   0x000007c4   0x00000048   Code   RO          132    i.HW_SetDateTime    hardwareinit.o
    0x0000080c   0x0000080c   0x00000024   Code   RO          458    i.PINSEL_ConfigPin  lpc17xx_pinsel.o
    0x00000830   0x00000830   0x00000018   Code   RO          647    i.RIT_Cmd           lpc17xx_rit.o
    0x00000848   0x00000848   0x0000001e   Code   RO          649    i.RIT_GetIntStatus  lpc17xx_rit.o
    0x00000866   0x00000866   0x00000002   PAD
    0x00000868   0x00000868   0x00000018   Code   RO           84    i.RIT_IRQHandler    delay_rit.o
    0x00000880   0x00000880   0x00000020   Code   RO          650    i.RIT_Init          lpc17xx_rit.o
    0x000008a0   0x000008a0   0x0000002a   Code   RO          651    i.RIT_TimerConfig   lpc17xx_rit.o
    0x000008ca   0x000008ca   0x00000018   Code   RO          511    i.RTC_CalibCounterCmd  lpc17xx_rtc.o
    0x000008e2   0x000008e2   0x00000018   Code   RO          513    i.RTC_Cmd           lpc17xx_rtc.o
    0x000008fa   0x000008fa   0x00000046   Code   RO          518    i.RTC_GetFullTime   lpc17xx_rtc.o
    0x00000940   0x00000940   0x0000001e   Code   RO          521    i.RTC_Init          lpc17xx_rtc.o
    0x0000095e   0x0000095e   0x00000012   Code   RO          523    i.RTC_ResetClockTickCounter  lpc17xx_rtc.o
    0x00000970   0x00000970   0x00000060   Code   RO          527    i.RTC_SetTime       lpc17xx_rtc.o
    0x000009d0   0x000009d0   0x00000140   Code   RO          903    i.SystemInit        system_lpc17xx.o
    0x00000b10   0x00000b10   0x00000180   Code   RO          714    i.UART_Init         lpc17xx_uart.o
    0x00000c90   0x00000c90   0x00000094   Code   RO          726    i.UART_Send         lpc17xx_uart.o
    0x00000d24   0x00000d24   0x00000014   Code   RO          727    i.UART_SendByte     lpc17xx_uart.o
    0x00000d38   0x00000d38   0x00000048   Code   RO          728    i.UART_TxCmd        lpc17xx_uart.o
    0x00000d80   0x00000d80   0x0000000e   Code   RO          959    i._is_digit         c_w.l(__printf_wp.o)
    0x00000d8e   0x00000d8e   0x00000002   PAD
    0x00000d90   0x00000d90   0x0000009c   Code   RO            4    i.main              main.o
    0x00000e2c   0x00000e2c   0x00000030   Code   RO          461    i.set_OpenDrainMode  lpc17xx_pinsel.o
    0x00000e5c   0x00000e5c   0x00000040   Code   RO          462    i.set_PinFunc       lpc17xx_pinsel.o
    0x00000e9c   0x00000e9c   0x00000040   Code   RO          463    i.set_ResistorMode  lpc17xx_pinsel.o
    0x00000edc   0x00000edc   0x000001e0   Code   RO          729    i.uart_set_divisors  lpc17xx_uart.o
    0x000010bc   0x000010bc   0x00000011   Data   RO          962    .constdata          c_w.l(__printf_flags_wp.o)
    0x000010cd   0x000010cd   0x00000003   PAD
    0x000010d0   0x000010d0   0x00000020   Data   RO         1147    Region$$Table       anon$$obj.o


    Execution Region ER_RW (Exec base: 0x10000000, Load base: 0x000010f0, Size: 0x00000008, Max: 0xffffffff, ABSOLUTE)

    Exec Addr    Load Addr    Size         Type   Attr      Idx    E Section Name        Object

    0x10000000   0x000010f0   0x00000001   Data   RW           85    .data               delay_rit.o
    0x10000001   0x000010f1   0x00000003   PAD
    0x10000004   0x000010f4   0x00000004   Data   RW          904    .data               system_lpc17xx.o


    Execution Region ER_ZI (Exec base: 0x10000008, Load base: 0x000010f8, Size: 0x00000260, Max: 0xffffffff, ABSOLUTE)

    Exec Addr    Load Addr    Size         Type   Attr      Idx    E Section Name        Object

    0x10000008        -       0x00000060   Zero   RW         1021    .bss                c_w.l(libspace.o)
    0x10000068        -       0x00000000   Zero   RW          890    HEAP                startup_lpc17xx.o
    0x10000068        -       0x00000200   Zero   RW          889    STACK               startup_lpc17xx.o


==============================================================================

Image component sizes


      Code (inc. data)   RO Data    RW Data    ZI Data      Debug   Object Name

       124         24          0          1          0      29054   delay_rit.o
       204         16          0          0          0        967   hardwareinit.o
       160         22          0          0          0       1689   lpc17xx_clkpwr.o
       212         14          0          0          0       2855   lpc17xx_pinsel.o
       128          0          0          0          0       2658   lpc17xx_rit.o
       262          8          0          0          0       3599   lpc17xx_rtc.o
      1104         44          0          0          0       4697   lpc17xx_uart.o
       156         56          0          0          0      36727   main.o
        64         26        204          0        512        988   startup_lpc17xx.o
       320         18          0          4          0        795   system_lpc17xx.o

    ----------------------------------------------------------------------
      2736        228        236          8        512      84029   Object Totals
         0          0         32          0          0          0   (incl. Generated)
         2          0          0          3          0          0   (incl. Padding)

    ----------------------------------------------------------------------

      Code (inc. data)   RO Data    RW Data    ZI Data      Debug   Library Member Name

        44          6          0          0          0         84   __2sprintf.o
         8          0          0          0          0         68   __main.o
       312          4         17          0          0         92   __printf_flags_wp.o
        14          0          0          0          0         68   __printf_wp.o
         0          0          0          0          0          0   __rtentry.o
        12          0          0          0          0          0   __rtentry2.o
         6          0          0          0          0          0   __rtentry4.o
        52          8          0          0          0          0   __scatter.o
        26          0          0          0          0          0   __scatter_copy.o
        28          0          0          0          0          0   __scatter_zi.o
        48          6          0          0          0         96   _printf_char_common.o
       120         16          0          0          0         92   _printf_dec.o
       178          0          0          0          0         88   _printf_intcommon.o
        78          0          0          0          0        108   _printf_pad.o
         0          0          0          0          0          0   _printf_percent.o
         4          0          0          0          0          0   _printf_percent_end.o
         6          0          0          0          0          0   _printf_u.o
        10          0          0          0          0         68   _sputc.o
        18          0          0          0          0         80   exit.o
         6          0          0          0          0        152   heapauxi.o
         0          0          0          0          0          0   indicate_semi.o
         2          0          0          0          0          0   libinit.o
         2          0          0          0          0          0   libinit2.o
         2          0          0          0          0          0   libshutdown.o
         2          0          0          0          0          0   libshutdown2.o
         8          4          0          0         96         68   libspace.o
       238          0          0          0          0        100   lludivv7m.o
         2          0          0          0          0          0   rtexit.o
        10          0          0          0          0          0   rtexit2.o
        12          4          0          0          0         68   sys_exit.o
        74          0          0          0          0         80   sys_stackheap_outer.o
         2          0          0          0          0         68   use_no_semi.o

    ----------------------------------------------------------------------
      1344         48         20          0         96       1380   Library Totals
        20          0          3          0          0          0   (incl. Padding)

    ----------------------------------------------------------------------

      Code (inc. data)   RO Data    RW Data    ZI Data      Debug   Library Name

      1324         48         17          0         96       1380   c_w.l

    ----------------------------------------------------------------------
      1344         48         20          0         96       1380   Library Totals

    ----------------------------------------------------------------------

==============================================================================


      Code (inc. data)   RO Data    RW Data    ZI Data      Debug   

      4080        276        256          8        608      83429   Grand Totals
      4080        276        256          8        608      83429   ELF Image Totals
      4080        276        256          8          0          0   ROM Totals

==============================================================================

    Total RO  Size (Code + RO Data)                 4336 (   4.23kB)
    Total RW  Size (RW Data + ZI Data)               616 (   0.60kB)
    Total ROM Size (Code + RO Data + RW Data)       4344 (   4.24kB)

==============================================================================

